Archive member included to satisfy reference by file (symbol)

c:/program files (x86)/atmel/studio/7.0/toolchain/arm/arm-gnu-toolchain/bin/../lib/gcc/arm-none-eabi/6.3.1/../../../../arm-none-eabi/lib/thumb/v6-m\libm.a(lib_a-s_ceil.o)
                              main.o (ceil)
c:/program files (x86)/atmel/studio/7.0/toolchain/arm/arm-gnu-toolchain/bin/../lib/gcc/arm-none-eabi/6.3.1/../../../../arm-none-eabi/lib/thumb/v6-m\libm.a(lib_a-s_round.o)
                              main.o (round)
c:/program files (x86)/atmel/studio/7.0/toolchain/arm/arm-gnu-toolchain/bin/../lib/gcc/arm-none-eabi/6.3.1/../../../../arm-none-eabi/lib/thumb/v6-m\libm.a(lib_a-w_pow.o)
                              main.o (pow)
c:/program files (x86)/atmel/studio/7.0/toolchain/arm/arm-gnu-toolchain/bin/../lib/gcc/arm-none-eabi/6.3.1/../../../../arm-none-eabi/lib/thumb/v6-m\libm.a(lib_a-e_pow.o)
                              c:/program files (x86)/atmel/studio/7.0/toolchain/arm/arm-gnu-toolchain/bin/../lib/gcc/arm-none-eabi/6.3.1/../../../../arm-none-eabi/lib/thumb/v6-m\libm.a(lib_a-w_pow.o) (__ieee754_pow)
c:/program files (x86)/atmel/studio/7.0/toolchain/arm/arm-gnu-toolchain/bin/../lib/gcc/arm-none-eabi/6.3.1/../../../../arm-none-eabi/lib/thumb/v6-m\libm.a(lib_a-e_sqrt.o)
                              c:/program files (x86)/atmel/studio/7.0/toolchain/arm/arm-gnu-toolchain/bin/../lib/gcc/arm-none-eabi/6.3.1/../../../../arm-none-eabi/lib/thumb/v6-m\libm.a(lib_a-e_pow.o) (__ieee754_sqrt)
c:/program files (x86)/atmel/studio/7.0/toolchain/arm/arm-gnu-toolchain/bin/../lib/gcc/arm-none-eabi/6.3.1/../../../../arm-none-eabi/lib/thumb/v6-m\libm.a(lib_a-s_fabs.o)
                              c:/program files (x86)/atmel/studio/7.0/toolchain/arm/arm-gnu-toolchain/bin/../lib/gcc/arm-none-eabi/6.3.1/../../../../arm-none-eabi/lib/thumb/v6-m\libm.a(lib_a-e_pow.o) (fabs)
c:/program files (x86)/atmel/studio/7.0/toolchain/arm/arm-gnu-toolchain/bin/../lib/gcc/arm-none-eabi/6.3.1/../../../../arm-none-eabi/lib/thumb/v6-m\libm.a(lib_a-s_finite.o)
                              c:/program files (x86)/atmel/studio/7.0/toolchain/arm/arm-gnu-toolchain/bin/../lib/gcc/arm-none-eabi/6.3.1/../../../../arm-none-eabi/lib/thumb/v6-m\libm.a(lib_a-w_pow.o) (finite)
c:/program files (x86)/atmel/studio/7.0/toolchain/arm/arm-gnu-toolchain/bin/../lib/gcc/arm-none-eabi/6.3.1/../../../../arm-none-eabi/lib/thumb/v6-m\libm.a(lib_a-s_lib_ver.o)
                              c:/program files (x86)/atmel/studio/7.0/toolchain/arm/arm-gnu-toolchain/bin/../lib/gcc/arm-none-eabi/6.3.1/../../../../arm-none-eabi/lib/thumb/v6-m\libm.a(lib_a-w_pow.o) (__fdlib_version)
c:/program files (x86)/atmel/studio/7.0/toolchain/arm/arm-gnu-toolchain/bin/../lib/gcc/arm-none-eabi/6.3.1/../../../../arm-none-eabi/lib/thumb/v6-m\libm.a(lib_a-s_matherr.o)
                              c:/program files (x86)/atmel/studio/7.0/toolchain/arm/arm-gnu-toolchain/bin/../lib/gcc/arm-none-eabi/6.3.1/../../../../arm-none-eabi/lib/thumb/v6-m\libm.a(lib_a-w_pow.o) (matherr)
c:/program files (x86)/atmel/studio/7.0/toolchain/arm/arm-gnu-toolchain/bin/../lib/gcc/arm-none-eabi/6.3.1/../../../../arm-none-eabi/lib/thumb/v6-m\libm.a(lib_a-s_nan.o)
                              c:/program files (x86)/atmel/studio/7.0/toolchain/arm/arm-gnu-toolchain/bin/../lib/gcc/arm-none-eabi/6.3.1/../../../../arm-none-eabi/lib/thumb/v6-m\libm.a(lib_a-e_pow.o) (nan)
c:/program files (x86)/atmel/studio/7.0/toolchain/arm/arm-gnu-toolchain/bin/../lib/gcc/arm-none-eabi/6.3.1/../../../../arm-none-eabi/lib/thumb/v6-m\libm.a(lib_a-s_rint.o)
                              c:/program files (x86)/atmel/studio/7.0/toolchain/arm/arm-gnu-toolchain/bin/../lib/gcc/arm-none-eabi/6.3.1/../../../../arm-none-eabi/lib/thumb/v6-m\libm.a(lib_a-w_pow.o) (rint)
c:/program files (x86)/atmel/studio/7.0/toolchain/arm/arm-gnu-toolchain/bin/../lib/gcc/arm-none-eabi/6.3.1/../../../../arm-none-eabi/lib/thumb/v6-m\libm.a(lib_a-s_scalbn.o)
                              c:/program files (x86)/atmel/studio/7.0/toolchain/arm/arm-gnu-toolchain/bin/../lib/gcc/arm-none-eabi/6.3.1/../../../../arm-none-eabi/lib/thumb/v6-m\libm.a(lib_a-e_pow.o) (scalbn)
c:/program files (x86)/atmel/studio/7.0/toolchain/arm/arm-gnu-toolchain/bin/../lib/gcc/arm-none-eabi/6.3.1/../../../../arm-none-eabi/lib/thumb/v6-m\libm.a(lib_a-s_copysign.o)
                              c:/program files (x86)/atmel/studio/7.0/toolchain/arm/arm-gnu-toolchain/bin/../lib/gcc/arm-none-eabi/6.3.1/../../../../arm-none-eabi/lib/thumb/v6-m\libm.a(lib_a-s_scalbn.o) (copysign)
c:/program files (x86)/atmel/studio/7.0/toolchain/arm/arm-gnu-toolchain/bin/../lib/gcc/arm-none-eabi/6.3.1/thumb/v6-m\libgcc.a(_udivsi3.o)
                              main.o (__aeabi_uidiv)
c:/program files (x86)/atmel/studio/7.0/toolchain/arm/arm-gnu-toolchain/bin/../lib/gcc/arm-none-eabi/6.3.1/thumb/v6-m\libgcc.a(_divsi3.o)
                              main.o (__aeabi_idiv)
[...]
Memory Configuration

Name             Origin             Length             Attributes
rom              0x00000000         0x00040000         xr
ram              0x20000000         0x00008000         xrw
*default*        0x00000000         0xffffffff

Linker script and memory map

LOAD c:/program files (x86)/atmel/studio/7.0/toolchain/arm/arm-gnu-toolchain/bin/../lib/gcc/arm-none-eabi/6.3.1/thumb/v6-m/crti.o
LOAD c:/program files (x86)/atmel/studio/7.0/toolchain/arm/arm-gnu-toolchain/bin/../lib/gcc/arm-none-eabi/6.3.1/thumb/v6-m/crtbegin.o
LOAD c:/program files (x86)/atmel/studio/7.0/toolchain/arm/arm-gnu-toolchain/bin/../lib/gcc/arm-none-eabi/6.3.1/../../../../arm-none-eabi/lib/thumb/v6-m/crt0.o
LOAD Device_Startup/startup_samd21.o
LOAD Device_Startup/system_samd21.o
LOAD main.o
START GROUP
END GROUP
LOAD c:/program files (x86)/atmel/studio/7.0/toolchain/arm/arm-gnu-toolchain/bin/../lib/gcc/arm-none-eabi/6.3.1/../../../../arm-none-eabi/lib/thumb/v6-m\libstdc++.a
LOAD c:/program files (x86)/atmel/studio/7.0/toolchain/arm/arm-gnu-toolchain/bin/../lib/gcc/arm-none-eabi/6.3.1/../../../../arm-none-eabi/lib/thumb/v6-m\libm.a
START GROUP
LOAD c:/program files (x86)/atmel/studio/7.0/toolchain/arm/arm-gnu-toolchain/bin/../lib/gcc/arm-none-eabi/6.3.1/thumb/v6-m\libgcc.a
LOAD c:/program files (x86)/atmel/studio/7.0/toolchain/arm/arm-gnu-toolchain/bin/../lib/gcc/arm-none-eabi/6.3.1/../../../../arm-none-eabi/lib/thumb/v6-m\libc.a
END GROUP
LOAD c:/program files (x86)/atmel/studio/7.0/toolchain/arm/arm-gnu-toolchain/bin/../lib/gcc/arm-none-eabi/6.3.1/thumb/v6-m/crtend.o
LOAD c:/program files (x86)/atmel/studio/7.0/toolchain/arm/arm-gnu-toolchain/bin/../lib/gcc/arm-none-eabi/6.3.1/thumb/v6-m/crtn.o
                0x00002000                STACK_SIZE = DEFINED (STACK_SIZE)?STACK_SIZE:DEFINED (__stack_size__)?__stack_size__:0x2000

.text           0x00000000     0xf90c
                0x00000000                . = ALIGN (0x4)
                0x00000000                _sfixed = .
 *(.vectors .vectors.*)
 .vectors       0x00000000       0xb4 Device_Startup/startup_samd21.o
                0x00000000                exception_table
 *(.text .text.* .gnu.linkonce.t.*)
 .text          0x000000b4       0x60 c:/program files (x86)/atmel/studio/7.0/toolchain/arm/arm-gnu-toolchain/bin/../lib/gcc/arm-none-eabi/6.3.1/thumb/v6-m/crtbegin.o
 .text.Dummy_Handler
                0x00000114        0x2 Device_Startup/startup_samd21.o
                0x00000114                DMAC_Handler
                0x00000114                HardFault_Handler
                0x00000114                AC_Handler
                0x00000114                SysTick_Handler
                0x00000114                PendSV_Handler
                0x00000114                NMI_Handler
                0x00000114                SERCOM1_Handler
                0x00000114                TCC1_Handler
                0x00000114                WDT_Handler
                0x00000114                USB_Handler
                0x00000114                TC3_Handler
                0x00000114                Dummy_Handler
                0x00000114                PM_Handler
                0x00000114                SERCOM5_Handler
                0x00000114                SVC_Handler
                0x00000114                EVSYS_Handler
                0x00000114                SERCOM3_Handler
                0x00000114                I2S_Handler
                0x00000114                NVMCTRL_Handler
                0x00000114                DAC_Handler
                0x00000114                PTC_Handler
                0x00000114                TC5_Handler
                0x00000114                SYSCTRL_Handler
 *fill*         0x00000116        0x2 
 .text.Reset_Handler
                0x00000118       0xe4 Device_Startup/startup_samd21.o
                0x00000118                Reset_Handler
 .text.SystemInit
                0x000001fc       0x10 Device_Startup/system_samd21.o
                0x000001fc                SystemInit
 .text._ZL14boundary_checkPhhhP10bme680_dev
                0x0000020c       0x38 main.o
 .text._ZL14null_ptr_checkPK10bme680_dev
                0x00000244       0x2c main.o
 .text._ZL12set_mem_pagehP10bme680_dev
                0x00000270       0x74 main.o
 .text._ZL12get_mem_pageP10bme680_dev
                0x000002e4       0x40 main.o
 .text._Z10PinConfigsv
                0x00000324       0x70 main.o
                0x00000324                PinConfigs()
 .text._Z11ClockConfigv
                0x00000394      0x2b0 main.o
                0x00000394                ClockConfig()
 .text._Z12PWM_FAN_initv
                0x00000644       0x84 main.o
                0x00000644                PWM_FAN_init()
 .text._Z12PWM_LED_initv
                0x000006c8       0x84 main.o
                0x000006c8                PWM_LED_init()
 .text._Z16init_4ms_counterv
                0x0000074c       0x7c main.o
                0x0000074c                init_4ms_counter()
 .text._Z19ConfigureInterruptsv
                0x000007c8       0x68 main.o
                0x000007c8                ConfigureInterrupts()
 .text._Z8init_ADCv
                0x00000830       0xd0 main.o
                0x00000830                init_ADC()
 .text._Z12init_sercomsv
                0x00000900      0x124 main.o
                0x00000900                init_sercoms()
 .text._Z8init_RTCv
                0x00000a24       0x68 main.o
                0x00000a24                init_RTC()
 .text._Z11delay_loopsm
                0x00000a8c        0x6 main.o
                0x00000a8c                delay_loops(unsigned long)
 *fill*         0x00000a92        0x2 
 .text._Z8delay_mst
                0x00000a94       0x20 main.o
                0x00000a94                delay_ms(unsigned short)
 .text._ZL10delay_msecm
                0x00000ab4       0x10 main.o
 .text._Z7readADCh
                0x00000ac4       0x40 main.o
                0x00000ac4                readADC(unsigned char)
 .text.ADC_Handler
                0x00000b04       0x24 main.o
                0x00000b04                ADC_Handler
 .text._Z7reversePci
                0x00000b28       0x1c main.o
                0x00000b28                reverse(char*, int)
 .text._Z8intToStriPci
                0x00000b44       0x88 main.o
                0x00000b44                intToStr(int, char*, int)
 .text._Z5ftoaddPci
                0x00000bcc      0x10c main.o
                0x00000bcc                ftoad(double, char*, int)
 .text._ZN7PMS700316AQI_calc_indexesEv
                0x00000cd8      0x5a0 main.o
                0x00000cd8                PMS7003::AQI_calc_indexes()
 .text._ZN7PMS700333BesselLowpassSecondOrder004_PM1_0Ev
                0x00001278       0xe4 main.o
                0x00001278                PMS7003::BesselLowpassSecondOrder004_PM1_0()
 .text._ZN7PMS700333BesselLowpassSecondOrder004_PM2_5Ev
                0x0000135c       0xe8 main.o
                0x0000135c                PMS7003::BesselLowpassSecondOrder004_PM2_5()
 .text._ZN7PMS700332BesselLowpassSecondOrder004_PM10Ev
                0x00001444       0xe8 main.o
                0x00001444                PMS7003::BesselLowpassSecondOrder004_PM10()
 .text._ZN7PMS700317AQ_calc_avg_shortEv
                0x0000152c      0x14c main.o
                0x0000152c                PMS7003::AQ_calc_avg_short()
 .text._ZN7PMS700318values_calc_helperEv
                0x00001678       0xb4 main.o
                0x00001678                PMS7003::values_calc_helper()
 .text._Z21PMS7003_move_to_framev
                0x0000172c       0xb0 main.o
                0x0000172c                PMS7003_move_to_frame()
 .text.SERCOM2_Handler
                0x000017dc      0x128 main.o
                0x000017dc                SERCOM2_Handler
 .text._ZN5MHZ1912request_dataEv
                0x00001904       0x54 main.o
                0x00001904                MHZ19::request_data()
 .text.SERCOM4_Handler
                0x00001958      0x11c main.o
                0x00001958                SERCOM4_Handler
 .text._Z16i2c_TransmitDataPvh
                0x00001a74       0x94 main.o
                0x00001a74                i2c_TransmitData(void*, unsigned char)
 .text._ZL9i2c_writehhPht
                0x00001b08       0x48 main.o
 .text._Z12i2c_ReadDataPvhh
                0x00001b50      0x128 main.o
                0x00001b50                i2c_ReadData(void*, unsigned char, unsigned char)
 .text._ZL8i2c_readhhPht
                0x00001c78       0x44 main.o
 .text.bme680_get_regs
                0x00001cbc       0x58 main.o
                0x00001cbc                bme680_get_regs
 .text.bme680_set_regs
                0x00001d14       0xd0 main.o
                0x00001d14                bme680_set_regs
 .text.bme680_soft_reset
                0x00001de4       0x68 main.o
                0x00001de4                bme680_soft_reset
 .text.bme680_init
                0x00001e4c      0x194 main.o
                0x00001e4c                bme680_init
 .text.bme680_set_sensor_mode
                0x00001fe0       0xb8 main.o
                0x00001fe0                bme680_set_sensor_mode
 .text.bme680_set_sensor_settings
                0x00002098      0x378 main.o
                0x00002098                bme680_set_sensor_settings
 .text.bme680_get_profile_dur
                0x00002410       0x74 main.o
                0x00002410                bme680_get_profile_dur
 .text.bme680_get_sensor_data
                0x00002484      0x3a4 main.o
                0x00002484                bme680_get_sensor_data
 .text._ZN15Adafruit_BME6805beginEv
                0x00002828       0x90 main.o
                0x00002828                Adafruit_BME680::begin()
 .text._ZN15Adafruit_BME68014performReadingEv
                0x000028b8      0x12c main.o
                0x000028b8                Adafruit_BME680::performReading()
 .text._ZN9GDEW027W311TransactSPIEh
                0x000029e4       0x18 main.o
                0x000029e4                GDEW027W3::TransactSPI(unsigned char)
 .text._ZN9GDEW027W315IL91874_sendCmdEh
                0x000029fc       0x28 main.o
                0x000029fc                GDEW027W3::IL91874_sendCmd(unsigned char)
 .text._ZN9GDEW027W316IL91874_sendDataEh
                0x00002a24       0x28 main.o
                0x00002a24                GDEW027W3::IL91874_sendData(unsigned char)
 .text._ZN9GDEW027W36SetLutEv
                0x00002a4c       0xa8 main.o
                0x00002a4c                GDEW027W3::SetLut()
 .text._ZN9GDEW027W314init_GDEW027W3Ev
                0x00002af4      0x164 main.o
                0x00002af4                GDEW027W3::init_GDEW027W3()
 .text._ZN9GDEW027W310ClearFrameEv
                0x00002c58       0x5c main.o
                0x00002c58                GDEW027W3::ClearFrame()
 .text._ZN9GDEW027W312DisplayFrameEv
                0x00002cb4       0x14 main.o
                0x00002cb4                GDEW027W3::DisplayFrame()
 .text._ZN9GDEW027W38fillRectEttttt
                0x00002cc8      0x154 main.o
                0x00002cc8                GDEW027W3::fillRect(unsigned short, unsigned short, unsigned short, unsigned short, unsigned short)
 .text._ZN9GDEW027W38drawCharEsshtth
                0x00002e1c      0x1ac main.o
                0x00002e1c                GDEW027W3::drawChar(short, short, unsigned char, unsigned short, unsigned short, unsigned char)
 .text._ZN9GDEW027W310drawStringEssPctth
                0x00002fc8       0x8c main.o
                0x00002fc8                GDEW027W3::drawString(short, short, char*, unsigned short, unsigned short, unsigned char)
 .text._ZN9GDEW027W313drawChar_CAPIEsshtth
                0x00003054      0x134 main.o
                0x00003054                GDEW027W3::drawChar_CAPI(short, short, unsigned char, unsigned short, unsigned short, unsigned char)
 .text._ZN9GDEW027W312drawChar_numEsshtth
                0x00003188      0x138 main.o
                0x00003188                GDEW027W3::drawChar_num(short, short, unsigned char, unsigned short, unsigned short, unsigned char)
 .text._ZN9GDEW027W316drawString_gfx_CEssPctth
                0x000032c0       0x80 main.o
                0x000032c0                GDEW027W3::drawString_gfx_C(short, short, char*, unsigned short, unsigned short, unsigned char)
 .text._ZN9GDEW027W316drawString_gfx_nEssPctthh
                0x00003340      0x138 main.o
                0x00003340                GDEW027W3::drawString_gfx_n(short, short, char*, unsigned short, unsigned short, unsigned char, unsigned char)
 .text._ZN8MICS68144initEv
                0x00003478       0x34 main.o
                0x00003478                MICS6814::init()
 .text._ZN8MICS681414readCurrentADCEv
                0x000034ac       0x20 main.o
                0x000034ac                MICS6814::readCurrentADC()
 .text._ZN8MICS68149calcGasesEv
                0x000034cc      0x224 main.o
                0x000034cc                MICS6814::calcGases()
 .text._ZN8MICS681418read_and_calculateEv
                0x000036f0       0x18 main.o
                0x000036f0                MICS6814::read_and_calculate()
 .text._ZN9RTC_clock4initEv
                0x00003708       0x88 main.o
                0x00003708                RTC_clock::init()
 .text._ZN9RTC_clock19read_clock_registerEv
                0x00003790       0x3c main.o
                0x00003790                RTC_clock::read_clock_register()
 .text.RTC_Handler
                0x000037cc       0x50 main.o
                0x000037cc                RTC_Handler
 .text._Z18draw_humidity_datav
                0x0000381c      0x188 main.o
                0x0000381c                draw_humidity_data()
 .text._Z13draw_co2_datav
                0x000039a4       0x88 main.o
                0x000039a4                draw_co2_data()
 .text._Z21draw_air_quality_datav
                0x00003a2c      0x2bc main.o
                0x00003a2c                draw_air_quality_data()
 .text._Z9draw_MODEv
                0x00003ce8      0x120 main.o
                0x00003ce8                draw_MODE()
 .text._Z8draw_RPMv
                0x00003e08       0x88 main.o
                0x00003e08                draw_RPM()
 .text._Z14draw_mics_datav
                0x00003e90      0x144 main.o
                0x00003e90                draw_mics_data()
 .text.main     0x00003fd4      0x408 main.o
                0x00003fd4                main
 .text.TC4_Handler
                0x000043dc      0x120 main.o
                0x000043dc                TC4_Handler
 .text.TCC0_Handler
                0x000044fc      0x21c main.o
                0x000044fc                TCC0_Handler
 .text.TCC2_Handler
                0x00004718       0xf8 main.o
                0x00004718                TCC2_Handler
 .text.EIC_Handler
                0x00004810       0x58 main.o
                0x00004810                EIC_Handler
 .text.SERCOM0_Handler
                0x00004868        0x2 main.o
                0x00004868                SERCOM0_Handler
 *fill*         0x0000486a        0x2 
 .text._GLOBAL__sub_I_PM_FACTOR_total
                0x0000486c       0x30 main.o
 .text.ceil     0x0000489c      0x12c c:/program files (x86)/atmel/studio/7.0/toolchain/arm/arm-gnu-toolchain/bin/../lib/gcc/arm-none-eabi/6.3.1/../../../../arm-none-eabi/lib/thumb/v6-m\libm.a(lib_a-s_ceil.o)
                0x0000489c                ceil
 .text.round    0x000049c8       0xac c:/program files (x86)/atmel/studio/7.0/toolchain/arm/arm-gnu-toolchain/bin/../lib/gcc/arm-none-eabi/6.3.1/../../../../arm-none-eabi/lib/thumb/v6-m\libm.a(lib_a-s_round.o)
                0x000049c8                round
 .text.pow      0x00004a74      0x358 c:/program files (x86)/atmel/studio/7.0/toolchain/arm/arm-gnu-toolchain/bin/../lib/gcc/arm-none-eabi/6.3.1/../../../../arm-none-eabi/lib/thumb/v6-m\libm.a(lib_a-w_pow.o)
                0x00004a74                pow
 .text.__ieee754_pow
                0x00004dcc      0xa6c c:/program files (x86)/atmel/studio/7.0/toolchain/arm/arm-gnu-toolchain/bin/../lib/gcc/arm-none-eabi/6.3.1/../../../../arm-none-eabi/lib/thumb/v6-m\libm.a(lib_a-e_pow.o)
                0x00004dcc                __ieee754_pow
 .text.__ieee754_sqrt
                0x00005838      0x1c0 c:/program files (x86)/atmel/studio/7.0/toolchain/arm/arm-gnu-toolchain/bin/../lib/gcc/arm-none-eabi/6.3.1/../../../../arm-none-eabi/lib/thumb/v6-m\libm.a(lib_a-e_sqrt.o)
                0x00005838                __ieee754_sqrt
 .text.fabs     0x000059f8        0x8 c:/program files (x86)/atmel/studio/7.0/toolchain/arm/arm-gnu-toolchain/bin/../lib/gcc/arm-none-eabi/6.3.1/../../../../arm-none-eabi/lib/thumb/v6-m\libm.a(lib_a-s_fabs.o)
                0x000059f8                fabs
 .text.finite   0x00005a00       0x14 c:/program files (x86)/atmel/studio/7.0/toolchain/arm/arm-gnu-toolchain/bin/../lib/gcc/arm-none-eabi/6.3.1/../../../../arm-none-eabi/lib/thumb/v6-m\libm.a(lib_a-s_finite.o)
                0x00005a00                finite
 .text.matherr  0x00005a14        0x4 c:/program files (x86)/atmel/studio/7.0/toolchain/arm/arm-gnu-toolchain/bin/../lib/gcc/arm-none-eabi/6.3.1/../../../../arm-none-eabi/lib/thumb/v6-m\libm.a(lib_a-s_matherr.o)
                0x00005a14                matherr
 .text.nan      0x00005a18        0xc c:/program files (x86)/atmel/studio/7.0/toolchain/arm/arm-gnu-toolchain/bin/../lib/gcc/arm-none-eabi/6.3.1/../../../../arm-none-eabi/lib/thumb/v6-m\libm.a(lib_a-s_nan.o)
                0x00005a18                nan
 .text.rint     0x00005a24      0x144 c:/program files (x86)/atmel/studio/7.0/toolchain/arm/arm-gnu-toolchain/bin/../lib/gcc/arm-none-eabi/6.3.1/../../../../arm-none-eabi/lib/thumb/v6-m\libm.a(lib_a-s_rint.o)
                0x00005a24                rint
 .text.scalbn   0x00005b68       0xd0 c:/program files (x86)/atmel/studio/7.0/toolchain/arm/arm-gnu-toolchain/bin/../lib/gcc/arm-none-eabi/6.3.1/../../../../arm-none-eabi/lib/thumb/v6-m\libm.a(lib_a-s_scalbn.o)
                0x00005b68                scalbn
 .text.copysign
                0x00005c38       0x10 c:/program files (x86)/atmel/studio/7.0/toolchain/arm/arm-gnu-toolchain/bin/../lib/gcc/arm-none-eabi/6.3.1/../../../../arm-none-eabi/lib/thumb/v6-m\libm.a(lib_a-s_copysign.o)
                0x00005c38                copysign
 .text          0x00005c48      0x114 c:/program files (x86)/atmel/studio/7.0/toolchain/arm/arm-gnu-toolchain/bin/../lib/gcc/arm-none-eabi/6.3.1/thumb/v6-m\libgcc.a(_udivsi3.o)
                0x00005c48                __aeabi_uidiv
                0x00005c48                __udivsi3
                0x00005d54                __aeabi_uidivmod
 .text          0x00005d5c      0x1d4 c:/program files (x86)/atmel/studio/7.0/toolchain/arm/arm-gnu-toolchain/bin/../lib/gcc/arm-none-eabi/6.3.1/thumb/v6-m\libgcc.a(_divsi3.o)
                0x00005d5c                __divsi3
                0x00005d5c                __aeabi_idiv
                0x00005f28                __aeabi_idivmod
 .text          0x00005f30        0x4 c:/program files (x86)/atmel/studio/7.0/toolchain/arm/arm-gnu-toolchain/bin/../lib/gcc/arm-none-eabi/6.3.1/thumb/v6-m\libgcc.a(_dvmd_tls.o)
                0x00005f30                __aeabi_idiv0
                0x00005f30                __aeabi_ldiv0
 .text          0x00005f34       0x7c c:/program files (x86)/atmel/studio/7.0/toolchain/arm/arm-gnu-toolchain/bin/../lib/gcc/arm-none-eabi/6.3.1/thumb/v6-m\libgcc.a(_arm_cmpdf2.o)
                0x00005f34                __aeabi_cdrcmple
                0x00005f44                __aeabi_cdcmple
                0x00005f44                __aeabi_cdcmpeq
                0x00005f54                __aeabi_dcmpeq
                0x00005f60                __aeabi_dcmplt
                0x00005f74                __aeabi_dcmple
                0x00005f88                __aeabi_dcmpgt
                0x00005f9c                __aeabi_dcmpge
 .text          0x00005fb0       0x48 c:/program files (x86)/atmel/studio/7.0/toolchain/arm/arm-gnu-toolchain/bin/../lib/gcc/arm-none-eabi/6.3.1/thumb/v6-m\libgcc.a(_aeabi_ldivmod.o)
                0x00005fb0                __aeabi_ldivmod
 .text          0x00005ff8       0x54 c:/program files (x86)/atmel/studio/7.0/toolchain/arm/arm-gnu-toolchain/bin/../lib/gcc/arm-none-eabi/6.3.1/thumb/v6-m\libgcc.a(_muldi3.o)
                0x00005ff8                __muldi3
                0x00005ff8                __aeabi_lmul
 .text          0x0000604c       0x30 c:/program files (x86)/atmel/studio/7.0/toolchain/arm/arm-gnu-toolchain/bin/../lib/gcc/arm-none-eabi/6.3.1/thumb/v6-m\libgcc.a(_fixunssfsi.o)
                0x0000604c                __fixunssfsi
                0x0000604c                __aeabi_f2uiz
 .text          0x0000607c       0x3c c:/program files (x86)/atmel/studio/7.0/toolchain/arm/arm-gnu-toolchain/bin/../lib/gcc/arm-none-eabi/6.3.1/thumb/v6-m\libgcc.a(_fixunsdfsi.o)
                0x0000607c                __aeabi_d2uiz
                0x0000607c                __fixunsdfsi
 .text          0x000060b8       0x38 c:/program files (x86)/atmel/studio/7.0/toolchain/arm/arm-gnu-toolchain/bin/../lib/gcc/arm-none-eabi/6.3.1/thumb/v6-m\libgcc.a(bpabi.o)
                0x000060b8                __gnu_ldivmod_helper
 .text          0x000060f0      0x324 c:/program files (x86)/atmel/studio/7.0/toolchain/arm/arm-gnu-toolchain/bin/../lib/gcc/arm-none-eabi/6.3.1/thumb/v6-m\libgcc.a(addsf3.o)
                0x000060f0                __aeabi_fadd
 .text          0x00006414      0x290 c:/program files (x86)/atmel/studio/7.0/toolchain/arm/arm-gnu-toolchain/bin/../lib/gcc/arm-none-eabi/6.3.1/thumb/v6-m\libgcc.a(divsf3.o)
                0x00006414                __aeabi_fdiv
 .text          0x000066a4      0x338 c:/program files (x86)/atmel/studio/7.0/toolchain/arm/arm-gnu-toolchain/bin/../lib/gcc/arm-none-eabi/6.3.1/thumb/v6-m\libgcc.a(subsf3.o)
                0x000066a4                __aeabi_fsub
 .text          0x000069dc       0x40 c:/program files (x86)/atmel/studio/7.0/toolchain/arm/arm-gnu-toolchain/bin/../lib/gcc/arm-none-eabi/6.3.1/thumb/v6-m\libgcc.a(fixsfsi.o)
                0x000069dc                __aeabi_f2iz
 .text          0x00006a1c       0x8c c:/program files (x86)/atmel/studio/7.0/toolchain/arm/arm-gnu-toolchain/bin/../lib/gcc/arm-none-eabi/6.3.1/thumb/v6-m\libgcc.a(floatunsisf.o)
                0x00006a1c                __aeabi_ui2f
 .text          0x00006aa8      0x620 c:/program files (x86)/atmel/studio/7.0/toolchain/arm/arm-gnu-toolchain/bin/../lib/gcc/arm-none-eabi/6.3.1/thumb/v6-m\libgcc.a(adddf3.o)
                0x00006aa8                __aeabi_dadd
 .text          0x000070c8      0x668 c:/program files (x86)/atmel/studio/7.0/toolchain/arm/arm-gnu-toolchain/bin/../lib/gcc/arm-none-eabi/6.3.1/thumb/v6-m\libgcc.a(divdf3.o)
                0x000070c8                __aeabi_ddiv
 .text          0x00007730       0x74 c:/program files (x86)/atmel/studio/7.0/toolchain/arm/arm-gnu-toolchain/bin/../lib/gcc/arm-none-eabi/6.3.1/thumb/v6-m\libgcc.a(eqdf2.o)
                0x00007730                __nedf2
                0x00007730                __eqdf2
 .text          0x000077a4       0xc8 c:/program files (x86)/atmel/studio/7.0/toolchain/arm/arm-gnu-toolchain/bin/../lib/gcc/arm-none-eabi/6.3.1/thumb/v6-m\libgcc.a(gedf2.o)
                0x000077a4                __gedf2
                0x000077a4                __gtdf2
 .text          0x0000786c       0xc4 c:/program files (x86)/atmel/studio/7.0/toolchain/arm/arm-gnu-toolchain/bin/../lib/gcc/arm-none-eabi/6.3.1/thumb/v6-m\libgcc.a(ledf2.o)
                0x0000786c                __ledf2
                0x0000786c                __ltdf2
 .text          0x00007930      0x500 c:/program files (x86)/atmel/studio/7.0/toolchain/arm/arm-gnu-toolchain/bin/../lib/gcc/arm-none-eabi/6.3.1/thumb/v6-m\libgcc.a(muldf3.o)
                0x00007930                __aeabi_dmul
 .text          0x00007e30      0x62c c:/program files (x86)/atmel/studio/7.0/toolchain/arm/arm-gnu-toolchain/bin/../lib/gcc/arm-none-eabi/6.3.1/thumb/v6-m\libgcc.a(subdf3.o)
                0x00007e30                __aeabi_dsub
 .text          0x0000845c       0x40 c:/program files (x86)/atmel/studio/7.0/toolchain/arm/arm-gnu-toolchain/bin/../lib/gcc/arm-none-eabi/6.3.1/thumb/v6-m\libgcc.a(unorddf2.o)
                0x0000845c                __aeabi_dcmpun
 .text          0x0000849c       0x68 c:/program files (x86)/atmel/studio/7.0/toolchain/arm/arm-gnu-toolchain/bin/../lib/gcc/arm-none-eabi/6.3.1/thumb/v6-m\libgcc.a(fixdfsi.o)
                0x0000849c                __aeabi_d2iz
 .text          0x00008504       0x84 c:/program files (x86)/atmel/studio/7.0/toolchain/arm/arm-gnu-toolchain/bin/../lib/gcc/arm-none-eabi/6.3.1/thumb/v6-m\libgcc.a(floatsidf.o)
                0x00008504                __aeabi_i2d
 .text          0x00008588       0x70 c:/program files (x86)/atmel/studio/7.0/toolchain/arm/arm-gnu-toolchain/bin/../lib/gcc/arm-none-eabi/6.3.1/thumb/v6-m\libgcc.a(floatunsidf.o)
                0x00008588                __aeabi_ui2d
 .text          0x000085f8       0xa4 c:/program files (x86)/atmel/studio/7.0/toolchain/arm/arm-gnu-toolchain/bin/../lib/gcc/arm-none-eabi/6.3.1/thumb/v6-m\libgcc.a(extendsfdf2.o)
                0x000085f8                __aeabi_f2d
 .text          0x0000869c      0x114 c:/program files (x86)/atmel/studio/7.0/toolchain/arm/arm-gnu-toolchain/bin/../lib/gcc/arm-none-eabi/6.3.1/thumb/v6-m\libgcc.a(truncdfsf2.o)
                0x0000869c                __aeabi_d2f
 .text          0x000087b0       0x74 c:/program files (x86)/atmel/studio/7.0/toolchain/arm/arm-gnu-toolchain/bin/../lib/gcc/arm-none-eabi/6.3.1/thumb/v6-m\libgcc.a(_arm_cmpsf2.o)
                0x000087b0                __aeabi_cfrcmple
                0x000087b8                __aeabi_cfcmpeq
                0x000087b8                __aeabi_cfcmple
                0x000087c8                __aeabi_fcmpeq
                0x000087d4                __aeabi_fcmplt
                0x000087e8                __aeabi_fcmple
                0x000087fc                __aeabi_fcmpgt
                0x00008810                __aeabi_fcmpge
 .text          0x00008824       0x3c c:/program files (x86)/atmel/studio/7.0/toolchain/arm/arm-gnu-toolchain/bin/../lib/gcc/arm-none-eabi/6.3.1/thumb/v6-m\libgcc.a(_clzsi2.o)
                0x00008824                __clzsi2
 .text          0x00008860      0x1b8 c:/program files (x86)/atmel/studio/7.0/toolchain/arm/arm-gnu-toolchain/bin/../lib/gcc/arm-none-eabi/6.3.1/thumb/v6-m\libgcc.a(_divdi3.o)
                0x00008860                __divdi3
 .text          0x00008a18       0x4c c:/program files (x86)/atmel/studio/7.0/toolchain/arm/arm-gnu-toolchain/bin/../lib/gcc/arm-none-eabi/6.3.1/thumb/v6-m\libgcc.a(eqsf2.o)
                0x00008a18                __eqsf2
                0x00008a18                __nesf2
 .text          0x00008a64       0x80 c:/program files (x86)/atmel/studio/7.0/toolchain/arm/arm-gnu-toolchain/bin/../lib/gcc/arm-none-eabi/6.3.1/thumb/v6-m\libgcc.a(gesf2.o)
                0x00008a64                __gesf2
                0x00008a64                __gtsf2
 .text          0x00008ae4       0x84 c:/program files (x86)/atmel/studio/7.0/toolchain/arm/arm-gnu-toolchain/bin/../lib/gcc/arm-none-eabi/6.3.1/thumb/v6-m\libgcc.a(lesf2.o)
                0x00008ae4                __ltsf2
                0x00008ae4                __lesf2
 .text          0x00008b68       0x18 c:/program files (x86)/atmel/studio/7.0/toolchain/arm/arm-gnu-toolchain/bin/../lib/gcc/arm-none-eabi/6.3.1/thumb/v6-m\libgcc.a(_clzdi2.o)
                0x00008b68                __clzdi2
 .text.__errno  0x00008b80        0xc c:/program files (x86)/atmel/studio/7.0/toolchain/arm/arm-gnu-toolchain/bin/../lib/gcc/arm-none-eabi/6.3.1/../../../../arm-none-eabi/lib/thumb/v6-m\libc.a(lib_a-errno.o)
                0x00008b80                __errno
 .text.__libc_init_array
                0x00008b8c       0x48 c:/program files (x86)/atmel/studio/7.0/toolchain/arm/arm-gnu-toolchain/bin/../lib/gcc/arm-none-eabi/6.3.1/../../../../arm-none-eabi/lib/thumb/v6-m\libc.a(lib_a-init.o)
                0x00008b8c                __libc_init_array
 .text.memcpy   0x00008bd4       0x84 c:/program files (x86)/atmel/studio/7.0/toolchain/arm/arm-gnu-toolchain/bin/../lib/gcc/arm-none-eabi/6.3.1/../../../../arm-none-eabi/lib/thumb/v6-m\libc.a(lib_a-memcpy-stub.o)
                0x00008bd4                memcpy
 .text.memset   0x00008c58       0x94 c:/program files (x86)/atmel/studio/7.0/toolchain/arm/arm-gnu-toolchain/bin/../lib/gcc/arm-none-eabi/6.3.1/../../../../arm-none-eabi/lib/thumb/v6-m\libc.a(lib_a-memset.o)
                0x00008c58                memset
 .text.strlen   0x00008cec       0x64 c:/program files (x86)/atmel/studio/7.0/toolchain/arm/arm-gnu-toolchain/bin/../lib/gcc/arm-none-eabi/6.3.1/../../../../arm-none-eabi/lib/thumb/v6-m\libc.a(lib_a-strlen-stub.o)
                0x00008cec                strlen
 .text.strncpy  0x00008d50       0x78 c:/program files (x86)/atmel/studio/7.0/toolchain/arm/arm-gnu-toolchain/bin/../lib/gcc/arm-none-eabi/6.3.1/../../../../arm-none-eabi/lib/thumb/v6-m\libc.a(lib_a-strncpy.o)
                0x00008d50                strncpy
 .text.startup.register_fini
                0x00008dc8       0x18 c:/program files (x86)/atmel/studio/7.0/toolchain/arm/arm-gnu-toolchain/bin/../lib/gcc/arm-none-eabi/6.3.1/../../../../arm-none-eabi/lib/thumb/v6-m\libc.a(lib_a-__call_atexit.o)
 .text.atexit   0x00008de0       0x10 c:/program files (x86)/atmel/studio/7.0/toolchain/arm/arm-gnu-toolchain/bin/../lib/gcc/arm-none-eabi/6.3.1/../../../../arm-none-eabi/lib/thumb/v6-m\libc.a(lib_a-atexit.o)
                0x00008de0                atexit
 .text.__libc_fini_array
                0x00008df0       0x34 c:/program files (x86)/atmel/studio/7.0/toolchain/arm/arm-gnu-toolchain/bin/../lib/gcc/arm-none-eabi/6.3.1/../../../../arm-none-eabi/lib/thumb/v6-m\libc.a(lib_a-fini.o)
                0x00008df0                __libc_fini_array
 .text.__retarget_lock_acquire_recursive
                0x00008e24        0x4 c:/program files (x86)/atmel/studio/7.0/toolchain/arm/arm-gnu-toolchain/bin/../lib/gcc/arm-none-eabi/6.3.1/../../../../arm-none-eabi/lib/thumb/v6-m\libc.a(lib_a-lock.o)
                0x00008e24                __retarget_lock_acquire_recursive
 .text.__retarget_lock_release_recursive
                0x00008e28        0x4 c:/program files (x86)/atmel/studio/7.0/toolchain/arm/arm-gnu-toolchain/bin/../lib/gcc/arm-none-eabi/6.3.1/../../../../arm-none-eabi/lib/thumb/v6-m\libc.a(lib_a-lock.o)
                0x00008e28                __retarget_lock_release_recursive
 .text.__register_exitproc
                0x00008e2c       0xf4 c:/program files (x86)/atmel/studio/7.0/toolchain/arm/arm-gnu-toolchain/bin/../lib/gcc/arm-none-eabi/6.3.1/../../../../arm-none-eabi/lib/thumb/v6-m\libc.a(lib_a-__atexit.o)
                0x00008e2c                __register_exitproc
 *(.glue_7t)
 .glue_7t       0x00008f20        0x0 linker stubs
 *(.glue_7)
 .glue_7        0x00008f20        0x0 linker stubs
 *(.rodata .rodata* .gnu.linkonce.r.*)
 .rodata        0x00008f20     0x67fb main.o
                0x00008fa4                GDEW027W3::lut_20_vcomDC
                0x00008fd0                GDEW027W3::lut_21_ww
                0x00008ffc                GDEW027W3::lut_22_bw
                0x00009028                GDEW027W3::lut_23_wb
                0x00009054                GDEW027W3::lut_24_bb
                0x0000df10                IMAGE_DATA
 *fill*         0x0000f71b        0x1 
 .rodata.str1.4
                0x0000f71c       0xaf main.o
 *fill*         0x0000f7cb        0x1 
 .rodata.pow.str1.4
                0x0000f7cc        0x4 c:/program files (x86)/atmel/studio/7.0/toolchain/arm/arm-gnu-toolchain/bin/../lib/gcc/arm-none-eabi/6.3.1/../../../../arm-none-eabi/lib/thumb/v6-m\libm.a(lib_a-w_pow.o)
 .rodata.__ieee754_pow.str1.4
                0x0000f7d0        0x4 c:/program files (x86)/atmel/studio/7.0/toolchain/arm/arm-gnu-toolchain/bin/../lib/gcc/arm-none-eabi/6.3.1/../../../../arm-none-eabi/lib/thumb/v6-m\libm.a(lib_a-e_pow.o)
                                  0x1 (size before relaxing)
 .rodata.TWO52  0x0000f7d0       0x10 c:/program files (x86)/atmel/studio/7.0/toolchain/arm/arm-gnu-toolchain/bin/../lib/gcc/arm-none-eabi/6.3.1/../../../../arm-none-eabi/lib/thumb/v6-m\libm.a(lib_a-s_rint.o)
 .rodata        0x0000f7e0       0x80 c:/program files (x86)/atmel/studio/7.0/toolchain/arm/arm-gnu-toolchain/bin/../lib/gcc/arm-none-eabi/6.3.1/thumb/v6-m\libgcc.a(divsf3.o)
 .rodata        0x0000f860       0x40 c:/program files (x86)/atmel/studio/7.0/toolchain/arm/arm-gnu-toolchain/bin/../lib/gcc/arm-none-eabi/6.3.1/thumb/v6-m\libgcc.a(divdf3.o)
 .rodata        0x0000f8a0       0x40 c:/program files (x86)/atmel/studio/7.0/toolchain/arm/arm-gnu-toolchain/bin/../lib/gcc/arm-none-eabi/6.3.1/thumb/v6-m\libgcc.a(muldf3.o)
 .rodata._global_impure_ptr
                0x0000f8e0        0x4 c:/program files (x86)/atmel/studio/7.0/toolchain/arm/arm-gnu-toolchain/bin/../lib/gcc/arm-none-eabi/6.3.1/../../../../arm-none-eabi/lib/thumb/v6-m\libc.a(lib_a-impure.o)
                0x0000f8e0                _global_impure_ptr
 *(.ARM.extab* .gnu.linkonce.armextab.*)
                0x0000f8e4                . = ALIGN (0x4)
 *(.init)
 .init          0x0000f8e4        0x4 c:/program files (x86)/atmel/studio/7.0/toolchain/arm/arm-gnu-toolchain/bin/../lib/gcc/arm-none-eabi/6.3.1/thumb/v6-m/crti.o
                0x0000f8e4                _init
 .init          0x0000f8e8        0x8 c:/program files (x86)/atmel/studio/7.0/toolchain/arm/arm-gnu-toolchain/bin/../lib/gcc/arm-none-eabi/6.3.1/thumb/v6-m/crtn.o
                0x0000f8f0                . = ALIGN (0x4)
                0x0000f8f0                __preinit_array_start = .
 *(.preinit_array)
                0x0000f8f0                __preinit_array_end = .
                0x0000f8f0                . = ALIGN (0x4)
                0x0000f8f0                __init_array_start = .
 *(SORT(.init_array.*))
 .init_array.00000
                0x0000f8f0        0x4 c:/program files (x86)/atmel/studio/7.0/toolchain/arm/arm-gnu-toolchain/bin/../lib/gcc/arm-none-eabi/6.3.1/../../../../arm-none-eabi/lib/thumb/v6-m\libc.a(lib_a-__call_atexit.o)
 *(.init_array)
 .init_array    0x0000f8f4        0x4 c:/program files (x86)/atmel/studio/7.0/toolchain/arm/arm-gnu-toolchain/bin/../lib/gcc/arm-none-eabi/6.3.1/thumb/v6-m/crtbegin.o
 .init_array    0x0000f8f8        0x4 main.o
                0x0000f8fc                __init_array_end = .
                0x0000f8fc                . = ALIGN (0x4)
 *crtbegin.o(.ctors)
 *(EXCLUDE_FILE(*crtend.o) .ctors)
 *(SORT(.ctors.*))
 *crtend.o(.ctors)
                0x0000f8fc                . = ALIGN (0x4)
 *(.fini)
 .fini          0x0000f8fc        0x4 c:/program files (x86)/atmel/studio/7.0/toolchain/arm/arm-gnu-toolchain/bin/../lib/gcc/arm-none-eabi/6.3.1/thumb/v6-m/crti.o
                0x0000f8fc                _fini
 .fini          0x0000f900        0x8 c:/program files (x86)/atmel/studio/7.0/toolchain/arm/arm-gnu-toolchain/bin/../lib/gcc/arm-none-eabi/6.3.1/thumb/v6-m/crtn.o
                0x0000f908                . = ALIGN (0x4)
                0x0000f908                __fini_array_start = .
 *(.fini_array)
 .fini_array    0x0000f908        0x4 c:/program files (x86)/atmel/studio/7.0/toolchain/arm/arm-gnu-toolchain/bin/../lib/gcc/arm-none-eabi/6.3.1/thumb/v6-m/crtbegin.o
 *(SORT(.fini_array.*))
                0x0000f90c                __fini_array_end = .
 *crtbegin.o(.dtors)
 *(EXCLUDE_FILE(*crtend.o) .dtors)
 *(SORT(.dtors.*))
 *crtend.o(.dtors)
                0x0000f90c                . = ALIGN (0x4)
                0x0000f90c                _efixed = .
                [!provide]                PROVIDE (__exidx_start, .)

.vfp11_veneer   0x0000f90c        0x0
 .vfp11_veneer  0x0000f90c        0x0 linker stubs

.v4_bx          0x0000f90c        0x0
 .v4_bx         0x0000f90c        0x0 linker stubs

.iplt           0x0000f90c        0x0
 .iplt          0x0000f90c        0x0 c:/program files (x86)/atmel/studio/7.0/toolchain/arm/arm-gnu-toolchain/bin/../lib/gcc/arm-none-eabi/6.3.1/thumb/v6-m/crtbegin.o

.ARM.exidx      0x0000f90c        0x8
 *(.ARM.exidx* .gnu.linkonce.armexidx.*)
 .ARM.exidx     0x0000f90c        0x8 c:/program files (x86)/atmel/studio/7.0/toolchain/arm/arm-gnu-toolchain/bin/../lib/gcc/arm-none-eabi/6.3.1/thumb/v6-m\libgcc.a(_divdi3.o)
                [!provide]                PROVIDE (__exidx_end, .)

.eh_frame       0x0000f914        0x0
 .eh_frame      0x0000f914        0x0 c:/program files (x86)/atmel/studio/7.0/toolchain/arm/arm-gnu-toolchain/bin/../lib/gcc/arm-none-eabi/6.3.1/thumb/v6-m/crtbegin.o

.rel.dyn        0x0000f914        0x0
 .rel.iplt      0x0000f914        0x0 c:/program files (x86)/atmel/studio/7.0/toolchain/arm/arm-gnu-toolchain/bin/../lib/gcc/arm-none-eabi/6.3.1/thumb/v6-m/crtbegin.o

.jcr            0x0000f914        0x0
 .jcr           0x0000f914        0x0 c:/program files (x86)/atmel/studio/7.0/toolchain/arm/arm-gnu-toolchain/bin/../lib/gcc/arm-none-eabi/6.3.1/thumb/v6-m/crtbegin.o

.igot.plt       0x0000f914        0x0
 .igot.plt      0x0000f914        0x0 c:/program files (x86)/atmel/studio/7.0/toolchain/arm/arm-gnu-toolchain/bin/../lib/gcc/arm-none-eabi/6.3.1/thumb/v6-m/crtbegin.o
                0x0000f914                . = ALIGN (0x4)
                0x0000f914                _etext = .

.relocate       0x20000000      0x4dc load address 0x0000f914
                0x20000000                . = ALIGN (0x4)
                0x20000000                _srelocate = .
 *(.ramfunc .ramfunc.*)
 *(.data .data.*)
 .data          0x20000000        0x4 Device_Startup/system_samd21.o
                0x20000000                SystemCoreClock
 *fill*         0x20000004        0x4 
 .data          0x20000008       0xa1 main.o
                0x20000008                PMS7003_values_ready
                0x2000000c                lookupTable1
                0x2000004c                lookupTable2
                0x2000008c                allow_display_update
                0x2000008d                update_time
                0x2000008e                second_passed
                0x2000008f                MOTOR_PID_CONTROL
                0x20000090                startup_running
                0x20000098                PM_FACTOR_total
                0x200000a0                target_cleaniness
                0x200000a8                LED_PWM_UPDOWN
 .data.__fdlib_version
                0x200000a9        0x1 c:/program files (x86)/atmel/studio/7.0/toolchain/arm/arm-gnu-toolchain/bin/../lib/gcc/arm-none-eabi/6.3.1/../../../../arm-none-eabi/lib/thumb/v6-m\libm.a(lib_a-s_lib_ver.o)
                0x200000a9                __fdlib_version
 *fill*         0x200000aa        0x2 
 .data._impure_ptr
                0x200000ac        0x4 c:/program files (x86)/atmel/studio/7.0/toolchain/arm/arm-gnu-toolchain/bin/../lib/gcc/arm-none-eabi/6.3.1/../../../../arm-none-eabi/lib/thumb/v6-m\libc.a(lib_a-impure.o)
                0x200000ac                _impure_ptr
 .data.impure_data
                0x200000b0      0x428 c:/program files (x86)/atmel/studio/7.0/toolchain/arm/arm-gnu-toolchain/bin/../lib/gcc/arm-none-eabi/6.3.1/../../../../arm-none-eabi/lib/thumb/v6-m\libc.a(lib_a-impure.o)
 .data.__atexit_recursive_mutex
                0x200004d8        0x4 c:/program files (x86)/atmel/studio/7.0/toolchain/arm/arm-gnu-toolchain/bin/../lib/gcc/arm-none-eabi/6.3.1/../../../../arm-none-eabi/lib/thumb/v6-m\libc.a(lib_a-__call_atexit.o)
                0x200004d8                __atexit_recursive_mutex
                0x200004dc                . = ALIGN (0x4)
                0x200004dc                _erelocate = .

.bss            0x200004e0     0x1ca0 load address 0x0000fdf8
                0x200004e0                . = ALIGN (0x4)
                0x200004e0                _sbss = .
                0x200004e0                _szero = .
 *(.bss .bss.*)
 .bss           0x200004e0       0x1c c:/program files (x86)/atmel/studio/7.0/toolchain/arm/arm-gnu-toolchain/bin/../lib/gcc/arm-none-eabi/6.3.1/thumb/v6-m/crtbegin.o
 *fill*         0x200004fc        0x4 
 .bss           0x20000500     0x1c5b main.o
                0x20000500                ADC_done
                0x20000504                LPF_FIR_BUFFER_PM1_0
                0x20000510                BesselLowpassSecondOrder004_buffer_PM1_0
                0x20000524                LPF_FIR_BUFFER_PM2_5
                0x20000530                BesselLowpassSecondOrder004_buffer_PM2_5
                0x20000544                LPF_FIR_BUFFER_PM10
                0x20000550                BesselLowpassSecondOrder004_buffer_PM10
                0x20000564                PMS7003_Values
                0x20000584                PMS7003_buffer
                0x200005a8                pms7003
                0x20000630                read_data_PMS7003_index
                0x20000631                need_to_send_MHZ19
                0x20000634                MHZ19_tx_buffer
                0x2000063d                tx_data_MHZ19_index
                0x2000063e                rx_data_MHZ19_index
                0x20000640                MHZ19_rx_buffer
                0x20000649                MHZ19_checksum
                0x2000064a                co2_concentration
                0x2000064c                i2cTransmitBuffer
                0x2000066c                i2cReceiveBuffer
                0x2000068c                _BME680_SoftwareSPI_MOSI
                0x2000068d                _BME680_SoftwareSPI_MISO
                0x2000068e                _BME680_SoftwareSPI_SCK
                0x20000690                MICS6814_Values
                0x200006d0                gde027w3
                0x20001d8c                RTC_time
                0x20001d94                rtc_clock
                0x20001d98                bme680
                0x20001e10                temp
                0x20001e18                pressure
                0x20001e20                humidity
                0x20001e28                TVCO
                0x20001e30                mode_flag
                0x20001e32                FAN_PWM_VALUE
                0x20001e34                motor_ping
                0x20001e38                MOTOR_RPM
                0x20001e3c                string_min
                0x20001e48                string_hour
                0x20001e54                string_day
                0x20001e60                string_month
                0x20001e6c                string_year
                0x20001e78                mics6814
                0x20001e98                helper_mode_flag
                0x20001ea0                old_humidity
                0x20002080                mhz19
                0x20002081                x_second_passed
                0x20002088                firsts_avg
                0x20002090                lasts_avg
                0x20002098                humidifier_sampling_finished
                0x20002099                humidifier_detected
                0x2000209a                NIGHT_MODE
                0x2000209b                MANUAL_MODE
                0x2000209c                MANUAL_PWM
                0x2000209e                update_time_startup
                0x200020a0                timer_1s
                0x200020a2                timer_seconds
                0x200020a4                timer_update_screen
                0x200020a6                timer_x_seconds
                0x200020a8                timer_humidifier
                0x200020aa                extra_values_time
                0x200020ac                extra_values_timer
                0x200020ae                xminute_passed
                0x200020b0                err
                0x200020b8                err_old
                0x200020c0                current_cleaniness
                0x200020c8                I_err
                0x200020d0                P_err
                0x200020d8                D_err
                0x200020e0                MOTOR_PID
                0x200020e8                string_sec
                0x200020f8                humidity_avg_slope
                0x20002100                slope_sum
                0x20002108                bme280
                0x20002140                pms100cf
                0x20002144                pms25cf
                0x20002148                pms10cf
                0x2000214c                pms100
                0x20002150                pms25
                0x20002154                pms10
                0x20002158                sample_done
                0x20002159                samples
                0x2000215a                PMS7003_sampling_done
 *(COMMON)
 *fill*         0x2000215b        0x1 
 COMMON         0x2000215c       0x21 c:/program files (x86)/atmel/studio/7.0/toolchain/arm/arm-gnu-toolchain/bin/../lib/gcc/arm-none-eabi/6.3.1/../../../../arm-none-eabi/lib/thumb/v6-m\libc.a(lib_a-lock.o)
                0x2000215c                __lock___atexit_recursive_mutex
                0x20002160                __lock___arc4random_mutex
                0x20002164                __lock___env_recursive_mutex
                0x20002168                __lock___sinit_recursive_mutex
                0x2000216c                __lock___malloc_recursive_mutex
                0x20002170                __lock___at_quick_exit_mutex
                0x20002174                __lock___dd_hash_mutex
                0x20002178                __lock___tz_mutex
                0x2000217c                __lock___sfp_recursive_mutex
                0x20002180                . = ALIGN (0x4)
 *fill*         0x2000217d        0x3 
                0x20002180                _ebss = .
                0x20002180                _ezero = .

.stack          0x20002180     0x2000 load address 0x00011a98
                0x20002180                . = ALIGN (0x8)
                0x20002180                _sstack = .
                0x20004180                . = (. + STACK_SIZE)
 *fill*         0x20002180     0x2000 
                0x20004180                . = ALIGN (0x8)
                0x20004180                _estack = .
                0x20004180                . = ALIGN (0x4)
                0x20004180                _end = .
OUTPUT(Air Purifier V1b.elf elf32-littlearm)

.ARM.attributes
                0x00000000       0x28
 .ARM.attributes
                0x00000000       0x1e c:/program files (x86)/atmel/studio/7.0/toolchain/arm/arm-gnu-toolchain/bin/../lib/gcc/arm-none-eabi/6.3.1/thumb/v6-m/crti.o
 .ARM.attributes
                0x0000001e       0x2c c:/program files (x86)/atmel/studio/7.0/toolchain/arm/arm-gnu-toolchain/bin/../lib/gcc/arm-none-eabi/6.3.1/thumb/v6-m/crtbegin.o
 .ARM.attributes
                0x0000004a       0x32 Device_Startup/startup_samd21.o
 .ARM.attributes
                0x0000007c       0x32 Device_Startup/system_samd21.o
 .ARM.attributes
                0x000000ae       0x32 main.o
 .ARM.attributes
                0x000000e0       0x2c c:/program files (x86)/atmel/studio/7.0/toolchain/arm/arm-gnu-toolchain/bin/../lib/gcc/arm-none-eabi/6.3.1/../../../../arm-none-eabi/lib/thumb/v6-m\libm.a(lib_a-s_ceil.o)
 .ARM.attributes
                0x0000010c       0x2c c:/program files (x86)/atmel/studio/7.0/toolchain/arm/arm-gnu-toolchain/bin/../lib/gcc/arm-none-eabi/6.3.1/../../../../arm-none-eabi/lib/thumb/v6-m\libm.a(lib_a-s_round.o)
 .ARM.attributes
                0x00000138       0x2c c:/program files (x86)/atmel/studio/7.0/toolchain/arm/arm-gnu-toolchain/bin/../lib/gcc/arm-none-eabi/6.3.1/../../../../arm-none-eabi/lib/thumb/v6-m\libm.a(lib_a-w_pow.o)
 .ARM.attributes
                0x00000164       0x2c c:/program files (x86)/atmel/studio/7.0/toolchain/arm/arm-gnu-toolchain/bin/../lib/gcc/arm-none-eabi/6.3.1/../../../../arm-none-eabi/lib/thumb/v6-m\libm.a(lib_a-e_pow.o)
 .ARM.attributes
                0x00000190       0x2c c:/program files (x86)/atmel/studio/7.0/toolchain/arm/arm-gnu-toolchain/bin/../lib/gcc/arm-none-eabi/6.3.1/../../../../arm-none-eabi/lib/thumb/v6-m\libm.a(lib_a-e_sqrt.o)
 .ARM.attributes
                0x000001bc       0x2c c:/program files (x86)/atmel/studio/7.0/toolchain/arm/arm-gnu-toolchain/bin/../lib/gcc/arm-none-eabi/6.3.1/../../../../arm-none-eabi/lib/thumb/v6-m\libm.a(lib_a-s_fabs.o)
 .ARM.attributes
                0x000001e8       0x2c c:/program files (x86)/atmel/studio/7.0/toolchain/arm/arm-gnu-toolchain/bin/../lib/gcc/arm-none-eabi/6.3.1/../../../../arm-none-eabi/lib/thumb/v6-m\libm.a(lib_a-s_finite.o)
 .ARM.attributes
                0x00000214       0x2c c:/program files (x86)/atmel/studio/7.0/toolchain/arm/arm-gnu-toolchain/bin/../lib/gcc/arm-none-eabi/6.3.1/../../../../arm-none-eabi/lib/thumb/v6-m\libm.a(lib_a-s_lib_ver.o)
 .ARM.attributes
                0x00000240       0x2c c:/program files (x86)/atmel/studio/7.0/toolchain/arm/arm-gnu-toolchain/bin/../lib/gcc/arm-none-eabi/6.3.1/../../../../arm-none-eabi/lib/thumb/v6-m\libm.a(lib_a-s_matherr.o)
 .ARM.attributes
                0x0000026c       0x2c c:/program files (x86)/atmel/studio/7.0/toolchain/arm/arm-gnu-toolchain/bin/../lib/gcc/arm-none-eabi/6.3.1/../../../../arm-none-eabi/lib/thumb/v6-m\libm.a(lib_a-s_nan.o)
 .ARM.attributes
                0x00000298       0x2c c:/program files (x86)/atmel/studio/7.0/toolchain/arm/arm-gnu-toolchain/bin/../lib/gcc/arm-none-eabi/6.3.1/../../../../arm-none-eabi/lib/thumb/v6-m\libm.a(lib_a-s_rint.o)
 .ARM.attributes
                0x000002c4       0x2c c:/program files (x86)/atmel/studio/7.0/toolchain/arm/arm-gnu-toolchain/bin/../lib/gcc/arm-none-eabi/6.3.1/../../../../arm-none-eabi/lib/thumb/v6-m\libm.a(lib_a-s_scalbn.o)
 .ARM.attributes
                0x000002f0       0x2c c:/program files (x86)/atmel/studio/7.0/toolchain/arm/arm-gnu-toolchain/bin/../lib/gcc/arm-none-eabi/6.3.1/../../../../arm-none-eabi/lib/thumb/v6-m\libm.a(lib_a-s_copysign.o)
 .ARM.attributes
                0x0000031c       0x1e c:/program files (x86)/atmel/studio/7.0/toolchain/arm/arm-gnu-toolchain/bin/../lib/gcc/arm-none-eabi/6.3.1/thumb/v6-m\libgcc.a(_udivsi3.o)
 .ARM.attributes
                0x0000033a       0x1e c:/program files (x86)/atmel/studio/7.0/toolchain/arm/arm-gnu-toolchain/bin/../lib/gcc/arm-none-eabi/6.3.1/thumb/v6-m\libgcc.a(_divsi3.o)
 .ARM.attributes
                0x00000358       0x1e c:/program files (x86)/atmel/studio/7.0/toolchain/arm/arm-gnu-toolchain/bin/../lib/gcc/arm-none-eabi/6.3.1/thumb/v6-m\libgcc.a(_dvmd_tls.o)
 .ARM.attributes
                0x00000376       0x1e c:/program files (x86)/atmel/studio/7.0/toolchain/arm/arm-gnu-toolchain/bin/../lib/gcc/arm-none-eabi/6.3.1/thumb/v6-m\libgcc.a(_arm_cmpdf2.o)
 .ARM.attributes
                0x00000394       0x1e c:/program files (x86)/atmel/studio/7.0/toolchain/arm/arm-gnu-toolchain/bin/../lib/gcc/arm-none-eabi/6.3.1/thumb/v6-m\libgcc.a(_aeabi_ldivmod.o)
 .ARM.attributes
                0x000003b2       0x2c c:/program files (x86)/atmel/studio/7.0/toolchain/arm/arm-gnu-toolchain/bin/../lib/gcc/arm-none-eabi/6.3.1/thumb/v6-m\libgcc.a(_muldi3.o)
 .ARM.attributes
                0x000003de       0x2c c:/program files (x86)/atmel/studio/7.0/toolchain/arm/arm-gnu-toolchain/bin/../lib/gcc/arm-none-eabi/6.3.1/thumb/v6-m\libgcc.a(_fixunssfsi.o)
 .ARM.attributes
                0x0000040a       0x2c c:/program files (x86)/atmel/studio/7.0/toolchain/arm/arm-gnu-toolchain/bin/../lib/gcc/arm-none-eabi/6.3.1/thumb/v6-m\libgcc.a(_fixunsdfsi.o)
 .ARM.attributes
                0x00000436       0x2c c:/program files (x86)/atmel/studio/7.0/toolchain/arm/arm-gnu-toolchain/bin/../lib/gcc/arm-none-eabi/6.3.1/thumb/v6-m\libgcc.a(bpabi.o)
 .ARM.attributes
                0x00000462       0x2c c:/program files (x86)/atmel/studio/7.0/toolchain/arm/arm-gnu-toolchain/bin/../lib/gcc/arm-none-eabi/6.3.1/thumb/v6-m\libgcc.a(addsf3.o)
 .ARM.attributes
                0x0000048e       0x2c c:/program files (x86)/atmel/studio/7.0/toolchain/arm/arm-gnu-toolchain/bin/../lib/gcc/arm-none-eabi/6.3.1/thumb/v6-m\libgcc.a(divsf3.o)
 .ARM.attributes
                0x000004ba       0x2c c:/program files (x86)/atmel/studio/7.0/toolchain/arm/arm-gnu-toolchain/bin/../lib/gcc/arm-none-eabi/6.3.1/thumb/v6-m\libgcc.a(subsf3.o)
 .ARM.attributes
                0x000004e6       0x2c c:/program files (x86)/atmel/studio/7.0/toolchain/arm/arm-gnu-toolchain/bin/../lib/gcc/arm-none-eabi/6.3.1/thumb/v6-m\libgcc.a(fixsfsi.o)
 .ARM.attributes
                0x00000512       0x2c c:/program files (x86)/atmel/studio/7.0/toolchain/arm/arm-gnu-toolchain/bin/../lib/gcc/arm-none-eabi/6.3.1/thumb/v6-m\libgcc.a(floatunsisf.o)
 .ARM.attributes
                0x0000053e       0x2c c:/program files (x86)/atmel/studio/7.0/toolchain/arm/arm-gnu-toolchain/bin/../lib/gcc/arm-none-eabi/6.3.1/thumb/v6-m\libgcc.a(adddf3.o)
 .ARM.attributes
                0x0000056a       0x2c c:/program files (x86)/atmel/studio/7.0/toolchain/arm/arm-gnu-toolchain/bin/../lib/gcc/arm-none-eabi/6.3.1/thumb/v6-m\libgcc.a(divdf3.o)
 .ARM.attributes
                0x00000596       0x2c c:/program files (x86)/atmel/studio/7.0/toolchain/arm/arm-gnu-toolchain/bin/../lib/gcc/arm-none-eabi/6.3.1/thumb/v6-m\libgcc.a(eqdf2.o)
 .ARM.attributes
                0x000005c2       0x2c c:/program files (x86)/atmel/studio/7.0/toolchain/arm/arm-gnu-toolchain/bin/../lib/gcc/arm-none-eabi/6.3.1/thumb/v6-m\libgcc.a(gedf2.o)
 .ARM.attributes
                0x000005ee       0x2c c:/program files (x86)/atmel/studio/7.0/toolchain/arm/arm-gnu-toolchain/bin/../lib/gcc/arm-none-eabi/6.3.1/thumb/v6-m\libgcc.a(ledf2.o)
 .ARM.attributes
                0x0000061a       0x2c c:/program files (x86)/atmel/studio/7.0/toolchain/arm/arm-gnu-toolchain/bin/../lib/gcc/arm-none-eabi/6.3.1/thumb/v6-m\libgcc.a(muldf3.o)
 .ARM.attributes
                0x00000646       0x2c c:/program files (x86)/atmel/studio/7.0/toolchain/arm/arm-gnu-toolchain/bin/../lib/gcc/arm-none-eabi/6.3.1/thumb/v6-m\libgcc.a(subdf3.o)
 .ARM.attributes
                0x00000672       0x2c c:/program files (x86)/atmel/studio/7.0/toolchain/arm/arm-gnu-toolchain/bin/../lib/gcc/arm-none-eabi/6.3.1/thumb/v6-m\libgcc.a(unorddf2.o)
 .ARM.attributes
                0x0000069e       0x2c c:/program files (x86)/atmel/studio/7.0/toolchain/arm/arm-gnu-toolchain/bin/../lib/gcc/arm-none-eabi/6.3.1/thumb/v6-m\libgcc.a(fixdfsi.o)
 .ARM.attributes
                0x000006ca       0x2c c:/program files (x86)/atmel/studio/7.0/toolchain/arm/arm-gnu-toolchain/bin/../lib/gcc/arm-none-eabi/6.3.1/thumb/v6-m\libgcc.a(floatsidf.o)
 .ARM.attributes
                0x000006f6       0x2c c:/program files (x86)/atmel/studio/7.0/toolchain/arm/arm-gnu-toolchain/bin/../lib/gcc/arm-none-eabi/6.3.1/thumb/v6-m\libgcc.a(floatunsidf.o)
 .ARM.attributes
                0x00000722       0x2c c:/program files (x86)/atmel/studio/7.0/toolchain/arm/arm-gnu-toolchain/bin/../lib/gcc/arm-none-eabi/6.3.1/thumb/v6-m\libgcc.a(extendsfdf2.o)
 .ARM.attributes
                0x0000074e       0x2c c:/program files (x86)/atmel/studio/7.0/toolchain/arm/arm-gnu-toolchain/bin/../lib/gcc/arm-none-eabi/6.3.1/thumb/v6-m\libgcc.a(truncdfsf2.o)
 .ARM.attributes
                0x0000077a       0x1e c:/program files (x86)/atmel/studio/7.0/toolchain/arm/arm-gnu-toolchain/bin/../lib/gcc/arm-none-eabi/6.3.1/thumb/v6-m\libgcc.a(_arm_cmpsf2.o)
 .ARM.attributes
                0x00000798       0x1e c:/program files (x86)/atmel/studio/7.0/toolchain/arm/arm-gnu-toolchain/bin/../lib/gcc/arm-none-eabi/6.3.1/thumb/v6-m\libgcc.a(_clzsi2.o)
 .ARM.attributes
                0x000007b6       0x2c c:/program files (x86)/atmel/studio/7.0/toolchain/arm/arm-gnu-toolchain/bin/../lib/gcc/arm-none-eabi/6.3.1/thumb/v6-m\libgcc.a(_divdi3.o)
 .ARM.attributes
                0x000007e2       0x2c c:/program files (x86)/atmel/studio/7.0/toolchain/arm/arm-gnu-toolchain/bin/../lib/gcc/arm-none-eabi/6.3.1/thumb/v6-m\libgcc.a(eqsf2.o)
 .ARM.attributes
                0x0000080e       0x2c c:/program files (x86)/atmel/studio/7.0/toolchain/arm/arm-gnu-toolchain/bin/../lib/gcc/arm-none-eabi/6.3.1/thumb/v6-m\libgcc.a(gesf2.o)
 .ARM.attributes
                0x0000083a       0x2c c:/program files (x86)/atmel/studio/7.0/toolchain/arm/arm-gnu-toolchain/bin/../lib/gcc/arm-none-eabi/6.3.1/thumb/v6-m\libgcc.a(lesf2.o)
 .ARM.attributes
                0x00000866       0x1e c:/program files (x86)/atmel/studio/7.0/toolchain/arm/arm-gnu-toolchain/bin/../lib/gcc/arm-none-eabi/6.3.1/thumb/v6-m\libgcc.a(_clzdi2.o)
 .ARM.attributes
                0x00000884       0x2c c:/program files (x86)/atmel/studio/7.0/toolchain/arm/arm-gnu-toolchain/bin/../lib/gcc/arm-none-eabi/6.3.1/../../../../arm-none-eabi/lib/thumb/v6-m\libc.a(lib_a-errno.o)
 .ARM.attributes
                0x000008b0       0x2c c:/program files (x86)/atmel/studio/7.0/toolchain/arm/arm-gnu-toolchain/bin/../lib/gcc/arm-none-eabi/6.3.1/../../../../arm-none-eabi/lib/thumb/v6-m\libc.a(lib_a-impure.o)
 .ARM.attributes
                0x000008dc       0x2c c:/program files (x86)/atmel/studio/7.0/toolchain/arm/arm-gnu-toolchain/bin/../lib/gcc/arm-none-eabi/6.3.1/../../../../arm-none-eabi/lib/thumb/v6-m\libc.a(lib_a-init.o)
 .ARM.attributes
                0x00000908       0x2c c:/program files (x86)/atmel/studio/7.0/toolchain/arm/arm-gnu-toolchain/bin/../lib/gcc/arm-none-eabi/6.3.1/../../../../arm-none-eabi/lib/thumb/v6-m\libc.a(lib_a-memcpy-stub.o)
 .ARM.attributes
                0x00000934       0x2c c:/program files (x86)/atmel/studio/7.0/toolchain/arm/arm-gnu-toolchain/bin/../lib/gcc/arm-none-eabi/6.3.1/../../../../arm-none-eabi/lib/thumb/v6-m\libc.a(lib_a-memset.o)
 .ARM.attributes
                0x00000960       0x2c c:/program files (x86)/atmel/studio/7.0/toolchain/arm/arm-gnu-toolchain/bin/../lib/gcc/arm-none-eabi/6.3.1/../../../../arm-none-eabi/lib/thumb/v6-m\libc.a(lib_a-strlen-stub.o)
 .ARM.attributes
                0x0000098c       0x2c c:/program files (x86)/atmel/studio/7.0/toolchain/arm/arm-gnu-toolchain/bin/../lib/gcc/arm-none-eabi/6.3.1/../../../../arm-none-eabi/lib/thumb/v6-m\libc.a(lib_a-strncpy.o)
 .ARM.attributes
                0x000009b8       0x2c c:/program files (x86)/atmel/studio/7.0/toolchain/arm/arm-gnu-toolchain/bin/../lib/gcc/arm-none-eabi/6.3.1/../../../../arm-none-eabi/lib/thumb/v6-m\libc.a(lib_a-__call_atexit.o)
 .ARM.attributes
                0x000009e4       0x2c c:/program files (x86)/atmel/studio/7.0/toolchain/arm/arm-gnu-toolchain/bin/../lib/gcc/arm-none-eabi/6.3.1/../../../../arm-none-eabi/lib/thumb/v6-m\libc.a(lib_a-atexit.o)
 .ARM.attributes
                0x00000a10       0x2c c:/program files (x86)/atmel/studio/7.0/toolchain/arm/arm-gnu-toolchain/bin/../lib/gcc/arm-none-eabi/6.3.1/../../../../arm-none-eabi/lib/thumb/v6-m\libc.a(lib_a-fini.o)
 .ARM.attributes
                0x00000a3c       0x2c c:/program files (x86)/atmel/studio/7.0/toolchain/arm/arm-gnu-toolchain/bin/../lib/gcc/arm-none-eabi/6.3.1/../../../../arm-none-eabi/lib/thumb/v6-m\libc.a(lib_a-lock.o)
 .ARM.attributes
                0x00000a68       0x2c c:/program files (x86)/atmel/studio/7.0/toolchain/arm/arm-gnu-toolchain/bin/../lib/gcc/arm-none-eabi/6.3.1/../../../../arm-none-eabi/lib/thumb/v6-m\libc.a(lib_a-__atexit.o)
 .ARM.attributes
                0x00000a94       0x1e c:/program files (x86)/atmel/studio/7.0/toolchain/arm/arm-gnu-toolchain/bin/../lib/gcc/arm-none-eabi/6.3.1/thumb/v6-m/crtn.o

.comment        0x00000000       0x59
 .comment       0x00000000       0x59 Device_Startup/startup_samd21.o
                                 0x5a (size before relaxing)
 .comment       0x00000059       0x5a Device_Startup/system_samd21.o
 .comment       0x00000059       0x5a main.o

.debug_info     0x00000000    0x19028
 .debug_info    0x00000000     0x3a28 Device_Startup/startup_samd21.o
 .debug_info    0x00003a28       0xd5 Device_Startup/system_samd21.o
 .debug_info    0x00003afd    0x1552b main.o

.debug_abbrev   0x00000000      0xed8
 .debug_abbrev  0x00000000      0x234 Device_Startup/startup_samd21.o
 .debug_abbrev  0x00000234       0x72 Device_Startup/system_samd21.o
 .debug_abbrev  0x000002a6      0xc32 main.o

.debug_loc      0x00000000     0x7304
 .debug_loc     0x00000000       0x40 Device_Startup/startup_samd21.o
 .debug_loc     0x00000040     0x72c4 main.o

.debug_aranges  0x00000000      0x4e0
 .debug_aranges
                0x00000000       0x28 Device_Startup/startup_samd21.o
 .debug_aranges
                0x00000028       0x28 Device_Startup/system_samd21.o
 .debug_aranges
                0x00000050      0x490 main.o

.debug_ranges   0x00000000      0x750
 .debug_ranges  0x00000000       0x18 Device_Startup/startup_samd21.o
 .debug_ranges  0x00000018       0x18 Device_Startup/system_samd21.o
 .debug_ranges  0x00000030      0x720 main.o

.debug_macro    0x00000000    0x1390c
 .debug_macro   0x00000000      0x2e3 Device_Startup/startup_samd21.o
 .debug_macro   0x000002e3      0x8a4 Device_Startup/startup_samd21.o
 .debug_macro   0x00000b87       0x22 Device_Startup/startup_samd21.o
 .debug_macro   0x00000ba9       0x87 Device_Startup/startup_samd21.o
 .debug_macro   0x00000c30       0x51 Device_Startup/startup_samd21.o
 .debug_macro   0x00000c81       0xef Device_Startup/startup_samd21.o
 .debug_macro   0x00000d70       0x6a Device_Startup/startup_samd21.o
 .debug_macro   0x00000dda      0x1df Device_Startup/startup_samd21.o
 .debug_macro   0x00000fb9       0x40 Device_Startup/startup_samd21.o
 .debug_macro   0x00000ff9       0x28 Device_Startup/startup_samd21.o
 .debug_macro   0x00001021       0x85 Device_Startup/startup_samd21.o
 .debug_macro   0x000010a6      0x375 Device_Startup/startup_samd21.o
 .debug_macro   0x0000141b      0x67e Device_Startup/startup_samd21.o
 .debug_macro   0x00001a99      0x8b1 Device_Startup/startup_samd21.o
 .debug_macro   0x0000234a      0x22e Device_Startup/startup_samd21.o
 .debug_macro   0x00002578      0xd5c Device_Startup/startup_samd21.o
 .debug_macro   0x000032d4      0x4dc Device_Startup/startup_samd21.o
 .debug_macro   0x000037b0      0x9f6 Device_Startup/startup_samd21.o
 .debug_macro   0x000041a6      0x82b Device_Startup/startup_samd21.o
 .debug_macro   0x000049d1      0x45f Device_Startup/startup_samd21.o
 .debug_macro   0x00004e30       0x5e Device_Startup/startup_samd21.o
 .debug_macro   0x00004e8e      0x8f9 Device_Startup/startup_samd21.o
 .debug_macro   0x00005787      0x21c Device_Startup/startup_samd21.o
 .debug_macro   0x000059a3      0x735 Device_Startup/startup_samd21.o
 .debug_macro   0x000060d8       0x5e Device_Startup/startup_samd21.o
 .debug_macro   0x00006136      0x632 Device_Startup/startup_samd21.o
 .debug_macro   0x00006768      0x3ac Device_Startup/startup_samd21.o
 .debug_macro   0x00006b14      0xc76 Device_Startup/startup_samd21.o
 .debug_macro   0x0000778a     0x1092 Device_Startup/startup_samd21.o
 .debug_macro   0x0000881c      0xc4a Device_Startup/startup_samd21.o
 .debug_macro   0x00009466      0x6ba Device_Startup/startup_samd21.o
 .debug_macro   0x00009b20     0x1b3d Device_Startup/startup_samd21.o
 .debug_macro   0x0000b65d     0x143c Device_Startup/startup_samd21.o
 .debug_macro   0x0000ca99      0x340 Device_Startup/startup_samd21.o
 .debug_macro   0x0000cdd9       0x7c Device_Startup/startup_samd21.o
 .debug_macro   0x0000ce55       0xa0 Device_Startup/startup_samd21.o
 .debug_macro   0x0000cef5       0x4c Device_Startup/startup_samd21.o
 .debug_macro   0x0000cf41       0xca Device_Startup/startup_samd21.o
 .debug_macro   0x0000d00b       0x94 Device_Startup/startup_samd21.o
 .debug_macro   0x0000d09f       0x58 Device_Startup/startup_samd21.o
 .debug_macro   0x0000d0f7      0x341 Device_Startup/startup_samd21.o
 .debug_macro   0x0000d438       0x82 Device_Startup/startup_samd21.o
 .debug_macro   0x0000d4ba      0x189 Device_Startup/startup_samd21.o
 .debug_macro   0x0000d643       0xb8 Device_Startup/startup_samd21.o
 .debug_macro   0x0000d6fb       0xa0 Device_Startup/startup_samd21.o
 .debug_macro   0x0000d79b       0xb2 Device_Startup/startup_samd21.o
 .debug_macro   0x0000d84d       0x1c Device_Startup/startup_samd21.o
 .debug_macro   0x0000d869       0x1c Device_Startup/startup_samd21.o
 .debug_macro   0x0000d885       0x1c Device_Startup/startup_samd21.o
 .debug_macro   0x0000d8a1       0x7c Device_Startup/startup_samd21.o
 .debug_macro   0x0000d91d      0x15a Device_Startup/startup_samd21.o
 .debug_macro   0x0000da77       0xdc Device_Startup/startup_samd21.o
 .debug_macro   0x0000db53      0x124 Device_Startup/startup_samd21.o
 .debug_macro   0x0000dc77      0x124 Device_Startup/startup_samd21.o
 .debug_macro   0x0000dd9b      0x124 Device_Startup/startup_samd21.o
 .debug_macro   0x0000debf      0x124 Device_Startup/startup_samd21.o
 .debug_macro   0x0000dfe3      0x124 Device_Startup/startup_samd21.o
 .debug_macro   0x0000e107      0x124 Device_Startup/startup_samd21.o
 .debug_macro   0x0000e22b      0x124 Device_Startup/startup_samd21.o
 .debug_macro   0x0000e34f       0xe2 Device_Startup/startup_samd21.o
 .debug_macro   0x0000e431       0xe2 Device_Startup/startup_samd21.o
 .debug_macro   0x0000e513       0xe2 Device_Startup/startup_samd21.o
 .debug_macro   0x0000e5f5      0x12a Device_Startup/startup_samd21.o
 .debug_macro   0x0000e71f      0x100 Device_Startup/startup_samd21.o
 .debug_macro   0x0000e81f       0xf4 Device_Startup/startup_samd21.o
 .debug_macro   0x0000e913      0x40f Device_Startup/startup_samd21.o
 .debug_macro   0x0000ed22       0x40 Device_Startup/startup_samd21.o
 .debug_macro   0x0000ed62      0x376 Device_Startup/startup_samd21.o
 .debug_macro   0x0000f0d8     0x17df Device_Startup/startup_samd21.o
 .debug_macro   0x000108b7       0x6d Device_Startup/startup_samd21.o
 .debug_macro   0x00010924      0x2e9 Device_Startup/system_samd21.o
 .debug_macro   0x00010c0d      0x553 main.o
 .debug_macro   0x00011160      0x976 main.o
 .debug_macro   0x00011ad6       0x1c main.o
 .debug_macro   0x00011af2       0x87 main.o
 .debug_macro   0x00011b79      0x375 main.o
 .debug_macro   0x00011eee      0x143 main.o
 .debug_macro   0x00012031       0x10 main.o
 .debug_macro   0x00012041      0x3c3 main.o
 .debug_macro   0x00012404       0x18 main.o
 .debug_macro   0x0001241c       0x58 main.o
 .debug_macro   0x00012474       0x35 main.o
 .debug_macro   0x000124a9       0x9c main.o
 .debug_macro   0x00012545      0x17b main.o
 .debug_macro   0x000126c0       0x58 main.o
 .debug_macro   0x00012718       0x1f main.o
 .debug_macro   0x00012737       0x43 main.o
 .debug_macro   0x0001277a       0x20 main.o
 .debug_macro   0x0001279a      0x187 main.o
 .debug_macro   0x00012921      0x353 main.o
 .debug_macro   0x00012c74      0x1da main.o
 .debug_macro   0x00012e4e      0x3d3 main.o
 .debug_macro   0x00013221       0x16 main.o
 .debug_macro   0x00013237       0x35 main.o
 .debug_macro   0x0001326c       0x10 main.o
 .debug_macro   0x0001327c       0x16 main.o
 .debug_macro   0x00013292       0x16 main.o
 .debug_macro   0x000132a8       0x29 main.o
 .debug_macro   0x000132d1       0xea main.o
 .debug_macro   0x000133bb       0x16 main.o
 .debug_macro   0x000133d1       0x2e main.o
 .debug_macro   0x000133ff       0x3a main.o
 .debug_macro   0x00013439       0x16 main.o
 .debug_macro   0x0001344f      0x415 main.o
 .debug_macro   0x00013864       0x58 main.o
 .debug_macro   0x000138bc       0x10 main.o
 .debug_macro   0x000138cc       0x40 main.o

.debug_line     0x00000000     0x3250
 .debug_line    0x00000000      0x6d6 Device_Startup/startup_samd21.o
 .debug_line    0x000006d6      0x6c1 Device_Startup/system_samd21.o
 .debug_line    0x00000d97     0x24b9 main.o

.debug_str      0x00000000    0x79fc6
 .debug_str     0x00000000    0x6d8b6 Device_Startup/startup_samd21.o
                              0x6dda2 (size before relaxing)
 .debug_str     0x0006d8b6       0x5c Device_Startup/system_samd21.o
                              0x6cc34 (size before relaxing)
 .debug_str     0x0006d912     0xc6b4 main.o
                              0x7a84c (size before relaxing)

.debug_frame    0x00000000     0x1a28
 .debug_frame   0x00000000       0x40 Device_Startup/startup_samd21.o
 .debug_frame   0x00000040       0x30 Device_Startup/system_samd21.o
 .debug_frame   0x00000070      0xfa8 main.o
 .debug_frame   0x00001018       0x3c c:/program files (x86)/atmel/studio/7.0/toolchain/arm/arm-gnu-toolchain/bin/../lib/gcc/arm-none-eabi/6.3.1/../../../../arm-none-eabi/lib/thumb/v6-m\libm.a(lib_a-s_ceil.o)
 .debug_frame   0x00001054       0x30 c:/program files (x86)/atmel/studio/7.0/toolchain/arm/arm-gnu-toolchain/bin/../lib/gcc/arm-none-eabi/6.3.1/../../../../arm-none-eabi/lib/thumb/v6-m\libm.a(lib_a-s_round.o)
 .debug_frame   0x00001084       0x3c c:/program files (x86)/atmel/studio/7.0/toolchain/arm/arm-gnu-toolchain/bin/../lib/gcc/arm-none-eabi/6.3.1/../../../../arm-none-eabi/lib/thumb/v6-m\libm.a(lib_a-w_pow.o)
 .debug_frame   0x000010c0       0x3c c:/program files (x86)/atmel/studio/7.0/toolchain/arm/arm-gnu-toolchain/bin/../lib/gcc/arm-none-eabi/6.3.1/../../../../arm-none-eabi/lib/thumb/v6-m\libm.a(lib_a-e_pow.o)
 .debug_frame   0x000010fc       0x38 c:/program files (x86)/atmel/studio/7.0/toolchain/arm/arm-gnu-toolchain/bin/../lib/gcc/arm-none-eabi/6.3.1/../../../../arm-none-eabi/lib/thumb/v6-m\libm.a(lib_a-e_sqrt.o)
 .debug_frame   0x00001134       0x20 c:/program files (x86)/atmel/studio/7.0/toolchain/arm/arm-gnu-toolchain/bin/../lib/gcc/arm-none-eabi/6.3.1/../../../../arm-none-eabi/lib/thumb/v6-m\libm.a(lib_a-s_fabs.o)
 .debug_frame   0x00001154       0x20 c:/program files (x86)/atmel/studio/7.0/toolchain/arm/arm-gnu-toolchain/bin/../lib/gcc/arm-none-eabi/6.3.1/../../../../arm-none-eabi/lib/thumb/v6-m\libm.a(lib_a-s_finite.o)
 .debug_frame   0x00001174       0x20 c:/program files (x86)/atmel/studio/7.0/toolchain/arm/arm-gnu-toolchain/bin/../lib/gcc/arm-none-eabi/6.3.1/../../../../arm-none-eabi/lib/thumb/v6-m\libm.a(lib_a-s_matherr.o)
 .debug_frame   0x00001194       0x20 c:/program files (x86)/atmel/studio/7.0/toolchain/arm/arm-gnu-toolchain/bin/../lib/gcc/arm-none-eabi/6.3.1/../../../../arm-none-eabi/lib/thumb/v6-m\libm.a(lib_a-s_nan.o)
 .debug_frame   0x000011b4       0x38 c:/program files (x86)/atmel/studio/7.0/toolchain/arm/arm-gnu-toolchain/bin/../lib/gcc/arm-none-eabi/6.3.1/../../../../arm-none-eabi/lib/thumb/v6-m\libm.a(lib_a-s_rint.o)
 .debug_frame   0x000011ec       0x2c c:/program files (x86)/atmel/studio/7.0/toolchain/arm/arm-gnu-toolchain/bin/../lib/gcc/arm-none-eabi/6.3.1/../../../../arm-none-eabi/lib/thumb/v6-m\libm.a(lib_a-s_scalbn.o)
 .debug_frame   0x00001218       0x2c c:/program files (x86)/atmel/studio/7.0/toolchain/arm/arm-gnu-toolchain/bin/../lib/gcc/arm-none-eabi/6.3.1/../../../../arm-none-eabi/lib/thumb/v6-m\libm.a(lib_a-s_copysign.o)
 .debug_frame   0x00001244       0x20 c:/program files (x86)/atmel/studio/7.0/toolchain/arm/arm-gnu-toolchain/bin/../lib/gcc/arm-none-eabi/6.3.1/thumb/v6-m\libgcc.a(_udivsi3.o)
 .debug_frame   0x00001264       0x20 c:/program files (x86)/atmel/studio/7.0/toolchain/arm/arm-gnu-toolchain/bin/../lib/gcc/arm-none-eabi/6.3.1/thumb/v6-m\libgcc.a(_divsi3.o)
 .debug_frame   0x00001284       0x34 c:/program files (x86)/atmel/studio/7.0/toolchain/arm/arm-gnu-toolchain/bin/../lib/gcc/arm-none-eabi/6.3.1/thumb/v6-m\libgcc.a(_muldi3.o)
 .debug_frame   0x000012b8       0x28 c:/program files (x86)/atmel/studio/7.0/toolchain/arm/arm-gnu-toolchain/bin/../lib/gcc/arm-none-eabi/6.3.1/thumb/v6-m\libgcc.a(_fixunssfsi.o)
 .debug_frame   0x000012e0       0x2c c:/program files (x86)/atmel/studio/7.0/toolchain/arm/arm-gnu-toolchain/bin/../lib/gcc/arm-none-eabi/6.3.1/thumb/v6-m\libgcc.a(_fixunsdfsi.o)
 .debug_frame   0x0000130c       0x30 c:/program files (x86)/atmel/studio/7.0/toolchain/arm/arm-gnu-toolchain/bin/../lib/gcc/arm-none-eabi/6.3.1/thumb/v6-m\libgcc.a(bpabi.o)
 .debug_frame   0x0000133c       0x34 c:/program files (x86)/atmel/studio/7.0/toolchain/arm/arm-gnu-toolchain/bin/../lib/gcc/arm-none-eabi/6.3.1/thumb/v6-m\libgcc.a(addsf3.o)
 .debug_frame   0x00001370       0x3c c:/program files (x86)/atmel/studio/7.0/toolchain/arm/arm-gnu-toolchain/bin/../lib/gcc/arm-none-eabi/6.3.1/thumb/v6-m\libgcc.a(divsf3.o)
 .debug_frame   0x000013ac       0x38 c:/program files (x86)/atmel/studio/7.0/toolchain/arm/arm-gnu-toolchain/bin/../lib/gcc/arm-none-eabi/6.3.1/thumb/v6-m\libgcc.a(subsf3.o)
 .debug_frame   0x000013e4       0x20 c:/program files (x86)/atmel/studio/7.0/toolchain/arm/arm-gnu-toolchain/bin/../lib/gcc/arm-none-eabi/6.3.1/thumb/v6-m\libgcc.a(fixsfsi.o)
 .debug_frame   0x00001404       0x28 c:/program files (x86)/atmel/studio/7.0/toolchain/arm/arm-gnu-toolchain/bin/../lib/gcc/arm-none-eabi/6.3.1/thumb/v6-m\libgcc.a(floatunsisf.o)
 .debug_frame   0x0000142c       0x3c c:/program files (x86)/atmel/studio/7.0/toolchain/arm/arm-gnu-toolchain/bin/../lib/gcc/arm-none-eabi/6.3.1/thumb/v6-m\libgcc.a(adddf3.o)
 .debug_frame   0x00001468       0x3c c:/program files (x86)/atmel/studio/7.0/toolchain/arm/arm-gnu-toolchain/bin/../lib/gcc/arm-none-eabi/6.3.1/thumb/v6-m\libgcc.a(divdf3.o)
 .debug_frame   0x000014a4       0x38 c:/program files (x86)/atmel/studio/7.0/toolchain/arm/arm-gnu-toolchain/bin/../lib/gcc/arm-none-eabi/6.3.1/thumb/v6-m\libgcc.a(eqdf2.o)
 .debug_frame   0x000014dc       0x38 c:/program files (x86)/atmel/studio/7.0/toolchain/arm/arm-gnu-toolchain/bin/../lib/gcc/arm-none-eabi/6.3.1/thumb/v6-m\libgcc.a(gedf2.o)
 .debug_frame   0x00001514       0x38 c:/program files (x86)/atmel/studio/7.0/toolchain/arm/arm-gnu-toolchain/bin/../lib/gcc/arm-none-eabi/6.3.1/thumb/v6-m\libgcc.a(ledf2.o)
 .debug_frame   0x0000154c       0x3c c:/program files (x86)/atmel/studio/7.0/toolchain/arm/arm-gnu-toolchain/bin/../lib/gcc/arm-none-eabi/6.3.1/thumb/v6-m\libgcc.a(muldf3.o)
 .debug_frame   0x00001588       0x38 c:/program files (x86)/atmel/studio/7.0/toolchain/arm/arm-gnu-toolchain/bin/../lib/gcc/arm-none-eabi/6.3.1/thumb/v6-m\libgcc.a(subdf3.o)
 .debug_frame   0x000015c0       0x2c c:/program files (x86)/atmel/studio/7.0/toolchain/arm/arm-gnu-toolchain/bin/../lib/gcc/arm-none-eabi/6.3.1/thumb/v6-m\libgcc.a(unorddf2.o)
 .debug_frame   0x000015ec       0x2c c:/program files (x86)/atmel/studio/7.0/toolchain/arm/arm-gnu-toolchain/bin/../lib/gcc/arm-none-eabi/6.3.1/thumb/v6-m\libgcc.a(fixdfsi.o)
 .debug_frame   0x00001618       0x2c c:/program files (x86)/atmel/studio/7.0/toolchain/arm/arm-gnu-toolchain/bin/../lib/gcc/arm-none-eabi/6.3.1/thumb/v6-m\libgcc.a(floatsidf.o)
 .debug_frame   0x00001644       0x28 c:/program files (x86)/atmel/studio/7.0/toolchain/arm/arm-gnu-toolchain/bin/../lib/gcc/arm-none-eabi/6.3.1/thumb/v6-m\libgcc.a(floatunsidf.o)
 .debug_frame   0x0000166c       0x2c c:/program files (x86)/atmel/studio/7.0/toolchain/arm/arm-gnu-toolchain/bin/../lib/gcc/arm-none-eabi/6.3.1/thumb/v6-m\libgcc.a(extendsfdf2.o)
 .debug_frame   0x00001698       0x30 c:/program files (x86)/atmel/studio/7.0/toolchain/arm/arm-gnu-toolchain/bin/../lib/gcc/arm-none-eabi/6.3.1/thumb/v6-m\libgcc.a(truncdfsf2.o)
 .debug_frame   0x000016c8       0x3c c:/program files (x86)/atmel/studio/7.0/toolchain/arm/arm-gnu-toolchain/bin/../lib/gcc/arm-none-eabi/6.3.1/thumb/v6-m\libgcc.a(_divdi3.o)
 .debug_frame   0x00001704       0x2c c:/program files (x86)/atmel/studio/7.0/toolchain/arm/arm-gnu-toolchain/bin/../lib/gcc/arm-none-eabi/6.3.1/thumb/v6-m\libgcc.a(eqsf2.o)
 .debug_frame   0x00001730       0x30 c:/program files (x86)/atmel/studio/7.0/toolchain/arm/arm-gnu-toolchain/bin/../lib/gcc/arm-none-eabi/6.3.1/thumb/v6-m\libgcc.a(gesf2.o)
 .debug_frame   0x00001760       0x30 c:/program files (x86)/atmel/studio/7.0/toolchain/arm/arm-gnu-toolchain/bin/../lib/gcc/arm-none-eabi/6.3.1/thumb/v6-m\libgcc.a(lesf2.o)
 .debug_frame   0x00001790       0x20 c:/program files (x86)/atmel/studio/7.0/toolchain/arm/arm-gnu-toolchain/bin/../lib/gcc/arm-none-eabi/6.3.1/../../../../arm-none-eabi/lib/thumb/v6-m\libc.a(lib_a-errno.o)
 .debug_frame   0x000017b0       0x2c c:/program files (x86)/atmel/studio/7.0/toolchain/arm/arm-gnu-toolchain/bin/../lib/gcc/arm-none-eabi/6.3.1/../../../../arm-none-eabi/lib/thumb/v6-m\libc.a(lib_a-init.o)
 .debug_frame   0x000017dc       0x30 c:/program files (x86)/atmel/studio/7.0/toolchain/arm/arm-gnu-toolchain/bin/../lib/gcc/arm-none-eabi/6.3.1/../../../../arm-none-eabi/lib/thumb/v6-m\libc.a(lib_a-memcpy-stub.o)
 .debug_frame   0x0000180c       0x30 c:/program files (x86)/atmel/studio/7.0/toolchain/arm/arm-gnu-toolchain/bin/../lib/gcc/arm-none-eabi/6.3.1/../../../../arm-none-eabi/lib/thumb/v6-m\libc.a(lib_a-memset.o)
 .debug_frame   0x0000183c       0x28 c:/program files (x86)/atmel/studio/7.0/toolchain/arm/arm-gnu-toolchain/bin/../lib/gcc/arm-none-eabi/6.3.1/../../../../arm-none-eabi/lib/thumb/v6-m\libc.a(lib_a-strlen-stub.o)
 .debug_frame   0x00001864       0x30 c:/program files (x86)/atmel/studio/7.0/toolchain/arm/arm-gnu-toolchain/bin/../lib/gcc/arm-none-eabi/6.3.1/../../../../arm-none-eabi/lib/thumb/v6-m\libc.a(lib_a-strncpy.o)
 .debug_frame   0x00001894       0x54 c:/program files (x86)/atmel/studio/7.0/toolchain/arm/arm-gnu-toolchain/bin/../lib/gcc/arm-none-eabi/6.3.1/../../../../arm-none-eabi/lib/thumb/v6-m\libc.a(lib_a-__call_atexit.o)
 .debug_frame   0x000018e8       0x28 c:/program files (x86)/atmel/studio/7.0/toolchain/arm/arm-gnu-toolchain/bin/../lib/gcc/arm-none-eabi/6.3.1/../../../../arm-none-eabi/lib/thumb/v6-m\libc.a(lib_a-atexit.o)
 .debug_frame   0x00001910       0x2c c:/program files (x86)/atmel/studio/7.0/toolchain/arm/arm-gnu-toolchain/bin/../lib/gcc/arm-none-eabi/6.3.1/../../../../arm-none-eabi/lib/thumb/v6-m\libc.a(lib_a-fini.o)
 .debug_frame   0x0000193c       0xb0 c:/program files (x86)/atmel/studio/7.0/toolchain/arm/arm-gnu-toolchain/bin/../lib/gcc/arm-none-eabi/6.3.1/../../../../arm-none-eabi/lib/thumb/v6-m\libc.a(lib_a-lock.o)
 .debug_frame   0x000019ec       0x3c c:/program files (x86)/atmel/studio/7.0/toolchain/arm/arm-gnu-toolchain/bin/../lib/gcc/arm-none-eabi/6.3.1/../../../../arm-none-eabi/lib/thumb/v6-m\libc.a(lib_a-__atexit.o)
